Component: ARM Compiler 5.06 update 7 (build 960) Tool: armlink [4d3601]

==============================================================================

Section Cross References

    systick.o(i.SysTick_Wait10ms) refers to systick.o(i.SysTick_Wait) for SysTick_Wait
    systick.o(i.SysTick_Wait10us) refers to systick.o(i.SysTick_Wait) for SysTick_Wait
    vl53l1_platform_2dx4.o(i.VL53L1_RdByte) refers to vl53l1_platform_2dx4.o(i.beginTxI2C) for beginTxI2C
    vl53l1_platform_2dx4.o(i.VL53L1_RdByte) refers to vl53l1_platform_2dx4.o(i.writeRegisterIndex) for writeRegisterIndex
    vl53l1_platform_2dx4.o(i.VL53L1_RdByte) refers to vl53l1_platform_2dx4.o(i.beginRxI2C) for beginRxI2C
    vl53l1_platform_2dx4.o(i.VL53L1_RdByte) refers to vl53l1_platform_2dx4.o(i.readI2C) for readI2C
    vl53l1_platform_2dx4.o(i.VL53L1_RdDWord) refers to vl53l1_platform_2dx4.o(i.beginTxI2C) for beginTxI2C
    vl53l1_platform_2dx4.o(i.VL53L1_RdDWord) refers to vl53l1_platform_2dx4.o(i.writeRegisterIndex) for writeRegisterIndex
    vl53l1_platform_2dx4.o(i.VL53L1_RdDWord) refers to vl53l1_platform_2dx4.o(i.beginRxI2C) for beginRxI2C
    vl53l1_platform_2dx4.o(i.VL53L1_RdDWord) refers to vl53l1_platform_2dx4.o(i.readI2C) for readI2C
    vl53l1_platform_2dx4.o(i.VL53L1_RdWord) refers to vl53l1_platform_2dx4.o(i.beginTxI2C) for beginTxI2C
    vl53l1_platform_2dx4.o(i.VL53L1_RdWord) refers to vl53l1_platform_2dx4.o(i.writeRegisterIndex) for writeRegisterIndex
    vl53l1_platform_2dx4.o(i.VL53L1_RdWord) refers to vl53l1_platform_2dx4.o(i.beginRxI2C) for beginRxI2C
    vl53l1_platform_2dx4.o(i.VL53L1_RdWord) refers to vl53l1_platform_2dx4.o(i.readI2C) for readI2C
    vl53l1_platform_2dx4.o(i.VL53L1_ReadMulti) refers to vl53l1_platform_2dx4.o(i.beginTxI2C) for beginTxI2C
    vl53l1_platform_2dx4.o(i.VL53L1_ReadMulti) refers to vl53l1_platform_2dx4.o(i.writeRegisterIndex) for writeRegisterIndex
    vl53l1_platform_2dx4.o(i.VL53L1_ReadMulti) refers to vl53l1_platform_2dx4.o(i.beginRxI2C) for beginRxI2C
    vl53l1_platform_2dx4.o(i.VL53L1_ReadMulti) refers to vl53l1_platform_2dx4.o(i.readI2C) for readI2C
    vl53l1_platform_2dx4.o(i.VL53L1_WaitMs) refers to systick.o(i.SysTick_Wait) for SysTick_Wait
    vl53l1_platform_2dx4.o(i.VL53L1_WrByte) refers to vl53l1_platform_2dx4.o(i.beginTxI2C) for beginTxI2C
    vl53l1_platform_2dx4.o(i.VL53L1_WrByte) refers to vl53l1_platform_2dx4.o(i.writeRegisterIndex_nostop) for writeRegisterIndex_nostop
    vl53l1_platform_2dx4.o(i.VL53L1_WrByte) refers to vl53l1_platform_2dx4.o(i.writeI2C) for writeI2C
    vl53l1_platform_2dx4.o(i.VL53L1_WrDWord) refers to vl53l1_platform_2dx4.o(i.beginTxI2C) for beginTxI2C
    vl53l1_platform_2dx4.o(i.VL53L1_WrDWord) refers to vl53l1_platform_2dx4.o(i.writeRegisterIndex) for writeRegisterIndex
    vl53l1_platform_2dx4.o(i.VL53L1_WrDWord) refers to vl53l1_platform_2dx4.o(i.writeI2C) for writeI2C
    vl53l1_platform_2dx4.o(i.VL53L1_WrWord) refers to vl53l1_platform_2dx4.o(i.beginTxI2C) for beginTxI2C
    vl53l1_platform_2dx4.o(i.VL53L1_WrWord) refers to vl53l1_platform_2dx4.o(i.writeRegisterIndex) for writeRegisterIndex
    vl53l1_platform_2dx4.o(i.VL53L1_WrWord) refers to vl53l1_platform_2dx4.o(i.writeI2C) for writeI2C
    vl53l1_platform_2dx4.o(i.VL53L1_WriteMulti) refers to vl53l1_platform_2dx4.o(i.beginTxI2C) for beginTxI2C
    vl53l1_platform_2dx4.o(i.VL53L1_WriteMulti) refers to vl53l1_platform_2dx4.o(i.writeRegisterIndex) for writeRegisterIndex
    vl53l1_platform_2dx4.o(i.VL53L1_WriteMulti) refers to vl53l1_platform_2dx4.o(i.writeI2C) for writeI2C
    vl53l1_platform_2dx4.o(i.readI2C) refers to onboardleds.o(i.FlashI2CRx) for FlashI2CRx
    vl53l1_platform_2dx4.o(i.readI2C) refers to onboardleds.o(i.FlashI2CError) for FlashI2CError
    vl53l1_platform_2dx4.o(i.writeI2C) refers to onboardleds.o(i.FlashI2CTx) for FlashI2CTx
    vl53l1_platform_2dx4.o(i.writeI2C) refers to onboardleds.o(i.FlashI2CError) for FlashI2CError
    vl53l1_platform_2dx4.o(i.writeRegisterIndex) refers to onboardleds.o(i.FlashI2CTx) for FlashI2CTx
    vl53l1_platform_2dx4.o(i.writeRegisterIndex) refers to onboardleds.o(i.FlashI2CError) for FlashI2CError
    vl53l1_platform_2dx4.o(i.writeRegisterIndex_nostop) refers to onboardleds.o(i.FlashI2CTx) for FlashI2CTx
    vl53l1_platform_2dx4.o(i.writeRegisterIndex_nostop) refers to onboardleds.o(i.FlashI2CError) for FlashI2CError
    vl53l1x_api.o(i.VL53L1X_BootState) refers to vl53l1_platform_2dx4.o(i.VL53L1_RdByte) for VL53L1_RdByte
    vl53l1x_api.o(i.VL53L1X_CheckForDataReady) refers to vl53l1x_api.o(i.VL53L1X_GetInterruptPolarity) for VL53L1X_GetInterruptPolarity
    vl53l1x_api.o(i.VL53L1X_CheckForDataReady) refers to vl53l1_platform_2dx4.o(i.VL53L1_RdByte) for VL53L1_RdByte
    vl53l1x_api.o(i.VL53L1X_ClearInterrupt) refers to vl53l1_platform_2dx4.o(i.VL53L1_WrByte) for VL53L1_WrByte
    vl53l1x_api.o(i.VL53L1X_GetAmbientPerSpad) refers to vl53l1_platform_2dx4.o(i.VL53L1_RdWord) for VL53L1_RdWord
[...]
    libshutdown.o(.ARM.Collect$$libshutdown$$00000000) refers (Special) to libshutdown2.o(.ARM.Collect$$libshutdown$$00000012) for __rt_lib_shutdown_return
    libshutdown.o(.ARM.Collect$$libshutdown$$00000000) refers (Special) to libshutdown2.o(.ARM.Collect$$libshutdown$$0000000C) for __rt_lib_shutdown_signal_1
    libshutdown.o(.ARM.Collect$$libshutdown$$00000000) refers (Special) to libshutdown2.o(.ARM.Collect$$libshutdown$$00000006) for __rt_lib_shutdown_stdio_1
    libshutdown.o(.ARM.Collect$$libshutdown$$00000000) refers (Special) to libshutdown2.o(.ARM.Collect$$libshutdown$$0000000E) for __rt_lib_shutdown_user_alloc_1
    rt_raise.o(.text) refers to __raise.o(.text) for __raise
    rt_raise.o(.text) refers to sys_exit.o(.text) for _sys_exit
    defsig_exit.o(.text) refers to sys_exit.o(.text) for _sys_exit
    defsig_rtmem_inner.o(.text) refers to defsig_general.o(.text) for __default_signal_display
    __raise.o(.text) refers to defsig.o(CL$$defsig) for __default_signal_handler
    defsig_general.o(.text) refers to sys_wrch.o(.text) for _ttywrch
    sys_wrch.o(.text) refers (Special) to use_no_semi.o(.text) for __I$use$semihosting
    sys_wrch.o(.text) refers (Special) to indicate_semi.o(.text) for __semihosting_library_function
    defsig.o(CL$$defsig) refers to defsig_rtmem_inner.o(.text) for __rt_SIGRTMEM_inner
    defsig_abrt_inner.o(.text) refers to defsig_general.o(.text) for __default_signal_display
    defsig_fpe_inner.o(.text) refers to defsig_general.o(.text) for __default_signal_display
    defsig_rtred_inner.o(.text) refers to defsig_general.o(.text) for __default_signal_display
    defsig_stak_inner.o(.text) refers to defsig_general.o(.text) for __default_signal_display
    defsig_pvfn_inner.o(.text) refers to defsig_general.o(.text) for __default_signal_display
    defsig_cppl_inner.o(.text) refers to defsig_general.o(.text) for __default_signal_display
    defsig_segv_inner.o(.text) refers to defsig_general.o(.text) for __default_signal_display
    defsig_other.o(.text) refers to defsig_general.o(.text) for __default_signal_display


==============================================================================

Removing Unused input sections from the image.

    Removing systick.o(i.SysTick_Wait10us), (28 bytes).
    Removing vl53l1_platform_2dx4.o(i.VL53L1_RdDWord), (86 bytes).
    Removing vl53l1_platform_2dx4.o(i.VL53L1_ReadMulti), (58 bytes).
    Removing vl53l1_platform_2dx4.o(i.VL53L1_WrDWord), (30 bytes).
    Removing vl53l1_platform_2dx4.o(i.VL53L1_WrWord), (48 bytes).
    Removing vl53l1_platform_2dx4.o(i.VL53L1_WriteMulti), (38 bytes).
    Removing vl53l1_platform_2dx4.o(.bss), (256 bytes).
    Removing vl53l1x_api.o(i.VL53L1X_GetAmbientPerSpad), (120 bytes).
    Removing vl53l1x_api.o(i.VL53L1X_GetAmbientRate), (38 bytes).
    Removing vl53l1x_api.o(i.VL53L1X_GetDistanceMode), (48 bytes).
    Removing vl53l1x_api.o(i.VL53L1X_GetDistanceThresholdHigh), (30 bytes).
    Removing vl53l1x_api.o(i.VL53L1X_GetDistanceThresholdLow), (30 bytes).
    Removing vl53l1x_api.o(i.VL53L1X_GetDistanceThresholdWindow), (34 bytes).
    Removing vl53l1x_api.o(i.VL53L1X_GetInterMeasurementInMs), (128 bytes).
    Removing vl53l1x_api.o(i.VL53L1X_GetOffset), (54 bytes).
    Removing vl53l1x_api.o(i.VL53L1X_GetROICenter), (30 bytes).
    Removing vl53l1x_api.o(i.VL53L1X_GetROI_XY), (50 bytes).
    Removing vl53l1x_api.o(i.VL53L1X_GetRangeStatus), (60 bytes).
    Removing vl53l1x_api.o(i.VL53L1X_GetResult), (120 bytes).
    Removing vl53l1x_api.o(i.VL53L1X_GetSWVersion), (18 bytes).
    Removing vl53l1x_api.o(i.VL53L1X_GetSigmaThreshold), (32 bytes).
    Removing vl53l1x_api.o(i.VL53L1X_GetSignalPerSpad), (120 bytes).
    Removing vl53l1x_api.o(i.VL53L1X_GetSignalRate), (38 bytes).
    Removing vl53l1x_api.o(i.VL53L1X_GetSignalThreshold), (38 bytes).
    Removing vl53l1x_api.o(i.VL53L1X_GetSpadNb), (32 bytes).
    Removing vl53l1x_api.o(i.VL53L1X_GetTimingBudgetInMs), (174 bytes).
    Removing vl53l1x_api.o(i.VL53L1X_GetXtalk), (38 bytes).
    Removing vl53l1x_api.o(i.VL53L1X_SetDistanceMode), (214 bytes).
    Removing vl53l1x_api.o(i.VL53L1X_SetDistanceThreshold), (130 bytes).
    Removing vl53l1x_api.o(i.VL53L1X_SetI2CAddress), (24 bytes).
    Removing vl53l1x_api.o(i.VL53L1X_SetInterMeasurementInMs), (104 bytes).
    Removing vl53l1x_api.o(i.VL53L1X_SetInterruptPolarity), (60 bytes).
    Removing vl53l1x_api.o(i.VL53L1X_SetOffset), (50 bytes).
    Removing vl53l1x_api.o(i.VL53L1X_SetROI), (86 bytes).
    Removing vl53l1x_api.o(i.VL53L1X_SetROICenter), (24 bytes).
    Removing vl53l1x_api.o(i.VL53L1X_SetSigmaThreshold), (40 bytes).
    Removing vl53l1x_api.o(i.VL53L1X_SetSignalThreshold), (22 bytes).
    Removing vl53l1x_api.o(i.VL53L1X_SetTimingBudgetInMs), (434 bytes).
    Removing vl53l1x_api.o(i.VL53L1X_SetXtalk), (64 bytes).
    Removing vl53l1x_api.o(i.VL53L1X_StartTemperatureUpdate), (110 bytes).
    Removing vl53l1x_api.o(.bss), (1023 bytes).
    Removing onboardleds.o(i.FlashLED4), (68 bytes).
    Removing uart.o(i.UART_InChar), (28 bytes).
    Removing 2dx_studio_8c.o(i.PortG_Init), (100 bytes).
    Removing 2dx_studio_8c.o(i.VL53L1X_XSHUT), (60 bytes).
    Removing system_msp432e401y.o(.rev16_text), (4 bytes).
    Removing system_msp432e401y.o(.revsh_text), (4 bytes).
    Removing system_msp432e401y.o(.rrx_text), (6 bytes).
    Removing system_msp432e401y.o(i.SystemCoreClockUpdate), (240 bytes).

49 unused section(s) (total 4671 bytes) removed from the image.

==============================================================================

Image Symbol Table

    Local Symbols

    Symbol Name                              Value     Ov Type        Size  Object(Section)

    RESET                                    0x00000000   Section      508  startup_msp432e401y_uvision.o(RESET)
    ../clib/angel/boardlib.s                 0x00000000   Number         0  boardinit2.o ABSOLUTE
    ../clib/angel/boardlib.s                 0x00000000   Number         0  boardinit1.o ABSOLUTE
    ../clib/angel/boardlib.s                 0x00000000   Number         0  boardshut.o ABSOLUTE
    ../clib/angel/boardlib.s                 0x00000000   Number         0  boardinit3.o ABSOLUTE
    ../clib/angel/handlers.s                 0x00000000   Number         0  __scatter_copy.o ABSOLUTE
    ../clib/angel/handlers.s                 0x00000000   Number         0  __scatter_zi.o ABSOLUTE
    ../clib/angel/kernel.s                   0x00000000   Number         0  rtexit2.o ABSOLUTE
    ../clib/angel/kernel.s                   0x00000000   Number         0  __rtentry4.o ABSOLUTE
    ../clib/angel/kernel.s                   0x00000000   Number         0  __rtentry2.o ABSOLUTE
    ../clib/angel/kernel.s                   0x00000000   Number         0  rtexit.o ABSOLUTE
    ../clib/angel/kernel.s                   0x00000000   Number         0  __rtentry.o ABSOLUTE
    ../clib/angel/rt.s                       0x00000000   Number         0  rt_locale_intlibspace.o ABSOLUTE
    ../clib/angel/rt.s                       0x00000000   Number         0  rt_locale.o ABSOLUTE
    ../clib/angel/rt.s                       0x00000000   Number         0  rt_raise.o ABSOLUTE
    ../clib/angel/scatter.s                  0x00000000   Number         0  __scatter.o ABSOLUTE
    ../clib/angel/startup.s                  0x00000000   Number         0  __main.o ABSOLUTE
    ../clib/angel/sys.s                      0x00000000   Number         0  sys_stackheap_outer.o ABSOLUTE
    ../clib/angel/sys.s                      0x00000000   Number         0  libspace.o ABSOLUTE
    ../clib/angel/sys.s                      0x00000000   Number         0  use_no_semi.o ABSOLUTE
    ../clib/angel/sys.s                      0x00000000   Number         0  indicate_semi.o ABSOLUTE
    ../clib/angel/sysapp.c                   0x00000000   Number         0  sys_command.o ABSOLUTE
    ../clib/angel/sysapp.c                   0x00000000   Number         0  sys_exit.o ABSOLUTE
    ../clib/angel/sysapp.c                   0x00000000   Number         0  sys_wrch.o ABSOLUTE
    ../clib/armsys.c                         0x00000000   Number         0  _get_argv_nomalloc.o ABSOLUTE
    ../clib/armsys.c                         0x00000000   Number         0  no_argv.o ABSOLUTE
    ../clib/armsys.c                         0x00000000   Number         0  argv_veneer.o ABSOLUTE
    ../clib/armsys.c                         0x00000000   Number         0  argv_veneer.o ABSOLUTE
    ../clib/bigflt.c                         0x00000000   Number         0  bigflt0.o ABSOLUTE
    ../clib/btod.s                           0x00000000   Number         0  btod.o ABSOLUTE
    ../clib/heapalloc.c                      0x00000000   Number         0  hrguard.o ABSOLUTE
    ../clib/heapaux.c                        0x00000000   Number         0  heapauxi.o ABSOLUTE
    ../clib/libinit.s                        0x00000000   Number         0  libinit.o ABSOLUTE
    ../clib/libinit.s                        0x00000000   Number         0  libshutdown2.o ABSOLUTE
    ../clib/libinit.s                        0x00000000   Number         0  libinit2.o ABSOLUTE
    ../clib/libinit.s                        0x00000000   Number         0  libshutdown.o ABSOLUTE
    ../clib/locale.s                         0x00000000   Number         0  lc_numeric_c.o ABSOLUTE
    ../clib/longlong.s                       0x00000000   Number         0  lludiv10.o ABSOLUTE
    ../clib/memcpset.s                       0x00000000   Number         0  strcmpv7m.o ABSOLUTE
    ../clib/printf.c                         0x00000000   Number         0  noretval__2sprintf.o ABSOLUTE
    ../clib/printf.c                         0x00000000   Number         0  _printf_hex_ll_ptr.o ABSOLUTE
    ../clib/printf.c                         0x00000000   Number         0  _printf_hex_int_ll_ptr.o ABSOLUTE
    ../clib/printf.c                         0x00000000   Number         0  __printf_flags.o ABSOLUTE
    ../clib/printf.c                         0x00000000   Number         0  __printf_ss.o ABSOLUTE
    ../clib/printf.c                         0x00000000   Number         0  __printf_flags_ss.o ABSOLUTE
    ../clib/printf.c                         0x00000000   Number         0  __printf_wp.o ABSOLUTE
    ../clib/printf.c                         0x00000000   Number         0  __printf_flags_wp.o ABSOLUTE
    ../clib/printf.c                         0x00000000   Number         0  __printf_ss_wp.o ABSOLUTE
    ../clib/printf.c                         0x00000000   Number         0  _printf_char_common.o ABSOLUTE
    ../clib/printf.c                         0x00000000   Number         0  __printf_flags_ss_wp.o ABSOLUTE
    ../clib/printf.c                         0x00000000   Number         0  __printf_nopercent.o ABSOLUTE
    ../clib/printf.c                         0x00000000   Number         0  _printf_intcommon.o ABSOLUTE
    ../clib/printf.c                         0x00000000   Number         0  _printf_fp_infnan.o ABSOLUTE
    ../clib/printf.c                         0x00000000   Number         0  _printf_fp_dec.o ABSOLUTE
    ../clib/printf.c                         0x00000000   Number         0  _sputc.o ABSOLUTE
    ../clib/printf.c                         0x00000000   Number         0  _printf_hex_ptr.o ABSOLUTE
    ../clib/printf.c                         0x00000000   Number         0  __2sprintf.o ABSOLUTE
    ../clib/printf.c                         0x00000000   Number         0  __printf.o ABSOLUTE
    ../clib/printf.c                         0x00000000   Number         0  _printf_dec.o ABSOLUTE
    ../clib/printf.c                         0x00000000   Number         0  _printf_hex_ll.o ABSOLUTE
    ../clib/printf.c                         0x00000000   Number         0  _printf_hex_int.o ABSOLUTE
    ../clib/printf.c                         0x00000000   Number         0  _printf_hex_int_ll.o ABSOLUTE
    ../clib/printf.c                         0x00000000   Number         0  _printf_hex_int_ptr.o ABSOLUTE
    ../clib/printf_percent.s                 0x00000000   Number         0  _printf_f.o ABSOLUTE
    ../clib/printf_percent.s                 0x00000000   Number         0  _printf_x.o ABSOLUTE
    ../clib/printf_percent.s                 0x00000000   Number         0  _printf_d.o ABSOLUTE
    ../clib/printf_percent.s                 0x00000000   Number         0  _printf_percent.o ABSOLUTE
    ../clib/printf_percent.s                 0x00000000   Number         0  _printf_percent_end.o ABSOLUTE
    ../clib/signal.c                         0x00000000   Number         0  defsig_cppl_inner.o ABSOLUTE
    ../clib/signal.c                         0x00000000   Number         0  defsig_pvfn_inner.o ABSOLUTE
    ../clib/signal.c                         0x00000000   Number         0  defsig_general.o ABSOLUTE
    ../clib/signal.c                         0x00000000   Number         0  defsig_rtmem_inner.o ABSOLUTE
    ../clib/signal.c                         0x00000000   Number         0  defsig_rtmem_outer.o ABSOLUTE
    ../clib/signal.c                         0x00000000   Number         0  defsig_exit.o ABSOLUTE
    ../clib/signal.c                         0x00000000   Number         0  defsig_segv_inner.o ABSOLUTE
    ../clib/signal.c                         0x00000000   Number         0  defsig_other.o ABSOLUTE
    ../clib/signal.c                         0x00000000   Number         0  defsig_rtmem_formal.o ABSOLUTE
    ../clib/signal.c                         0x00000000   Number         0  __raise.o ABSOLUTE
    ../clib/signal.c                         0x00000000   Number         0  defsig_abrt_inner.o ABSOLUTE
    ../clib/signal.c                         0x00000000   Number         0  defsig_stak_inner.o ABSOLUTE
    ../clib/signal.c                         0x00000000   Number         0  defsig_fpe_inner.o ABSOLUTE
    ../clib/signal.c                         0x00000000   Number         0  defsig_rtred_inner.o ABSOLUTE
    ../clib/signal.s                         0x00000000   Number         0  defsig.o ABSOLUTE
    ../clib/stdlib.c                         0x00000000   Number         0  exit.o ABSOLUTE
    ../fplib/ddiv.s                          0x00000000   Number         0  ddiv.o ABSOLUTE
    ../fplib/dfix.s                          0x00000000   Number         0  dfix.o ABSOLUTE
    ../fplib/dfixu.s                         0x00000000   Number         0  dfixu.o ABSOLUTE
    ../fplib/dflt.s                          0x00000000   Number         0  dflt_clz.o ABSOLUTE
    ../fplib/dmul.s                          0x00000000   Number         0  dmul.o ABSOLUTE
    ../fplib/dnaninf.s                       0x00000000   Number         0  dnaninf.o ABSOLUTE
    ../fplib/dretinf.s                       0x00000000   Number         0  dretinf.o ABSOLUTE
    ../fplib/fpinit.s                        0x00000000   Number         0  fpinit.o ABSOLUTE
    ../fplib/istatus.s                       0x00000000   Number         0  istatus.o ABSOLUTE
    ../fplib/printf1.s                       0x00000000   Number         0  printf1.o ABSOLUTE
    ../fplib/usenofp.s                       0x00000000   Number         0  usenofp.o ABSOLUTE
    ../mathlib/fpclassify.c                  0x00000000   Number         0  fpclassify.o ABSOLUTE
    2dx_studio_8c.c                          0x00000000   Number         0  2dx_studio_8c.o ABSOLUTE
    PLL.c                                    0x00000000   Number         0  pll.o ABSOLUTE
    RTE\Device\MSP432E401Y\startup_msp432e401y_uvision.s 0x00000000   Number         0  startup_msp432e401y_uvision.o ABSOLUTE
    RTE\Device\MSP432E401Y\system_msp432e401y.c 0x00000000   Number         0  system_msp432e401y.o ABSOLUTE
    RTE\\Device\\MSP432E401Y\\system_msp432e401y.c 0x00000000   Number         0  system_msp432e401y.o ABSOLUTE
    SysTick.c                                0x00000000   Number         0  systick.o ABSOLUTE
    VL53L1X_api.c                            0x00000000   Number         0  vl53l1x_api.o ABSOLUTE
    dc.s                                     0x00000000   Number         0  dc.o ABSOLUTE
    onboardLEDs.c                            0x00000000   Number         0  onboardleds.o ABSOLUTE
    uart.c                                   0x00000000   Number         0  uart.o ABSOLUTE
    vl53l1_platform_2dx4.c                   0x00000000   Number         0  vl53l1_platform_2dx4.o ABSOLUTE
    !!!main                                  0x000001fc   Section        8  __main.o(!!!main)
    !!!scatter                               0x00000204   Section       52  __scatter.o(!!!scatter)
    !!handler_copy                           0x00000238   Section       26  __scatter_copy.o(!!handler_copy)
    !!handler_zi                             0x00000254   Section       28  __scatter_zi.o(!!handler_zi)
    .ARM.Collect$$_printf_percent$$00000000  0x00000270   Section        0  _printf_percent.o(.ARM.Collect$$_printf_percent$$00000000)
    .ARM.Collect$$_printf_percent$$00000003  0x00000270   Section        6  _printf_f.o(.ARM.Collect$$_printf_percent$$00000003)
    .ARM.Collect$$_printf_percent$$00000009  0x00000276   Section        6  _printf_d.o(.ARM.Collect$$_printf_percent$$00000009)
    .ARM.Collect$$_printf_percent$$0000000C  0x0000027c   Section        6  _printf_x.o(.ARM.Collect$$_printf_percent$$0000000C)
    .ARM.Collect$$_printf_percent$$00000017  0x00000282   Section        4  _printf_percent_end.o(.ARM.Collect$$_printf_percent$$00000017)
    .ARM.Collect$$libinit$$00000000          0x00000286   Section        2  libinit.o(.ARM.Collect$$libinit$$00000000)
    .ARM.Collect$$libinit$$00000001          0x00000288   Section        4  libinit2.o(.ARM.Collect$$libinit$$00000001)
    .ARM.Collect$$libinit$$00000004          0x0000028c   Section        0  libinit2.o(.ARM.Collect$$libinit$$00000004)
    .ARM.Collect$$libinit$$0000000A          0x0000028c   Section        0  libinit2.o(.ARM.Collect$$libinit$$0000000A)
    .ARM.Collect$$libinit$$0000000C          0x0000028c   Section        0  libinit2.o(.ARM.Collect$$libinit$$0000000C)
    .ARM.Collect$$libinit$$0000000E          0x0000028c   Section        0  libinit2.o(.ARM.Collect$$libinit$$0000000E)
    .ARM.Collect$$libinit$$0000000F          0x0000028c   Section        6  libinit2.o(.ARM.Collect$$libinit$$0000000F)
    .ARM.Collect$$libinit$$00000011          0x00000292   Section        0  libinit2.o(.ARM.Collect$$libinit$$00000011)
    .ARM.Collect$$libinit$$00000013          0x00000292   Section        0  libinit2.o(.ARM.Collect$$libinit$$00000013)
    .ARM.Collect$$libinit$$00000015          0x00000292   Section        0  libinit2.o(.ARM.Collect$$libinit$$00000015)
    .ARM.Collect$$libinit$$00000016          0x00000292   Section       10  libinit2.o(.ARM.Collect$$libinit$$00000016)
    .ARM.Collect$$libinit$$00000017          0x0000029c   Section        0  libinit2.o(.ARM.Collect$$libinit$$00000017)
    .ARM.Collect$$libinit$$00000019          0x0000029c   Section        0  libinit2.o(.ARM.Collect$$libinit$$00000019)
    .ARM.Collect$$libinit$$0000001B          0x0000029c   Section        0  libinit2.o(.ARM.Collect$$libinit$$0000001B)
    .ARM.Collect$$libinit$$0000001D          0x0000029c   Section        0  libinit2.o(.ARM.Collect$$libinit$$0000001D)
    .ARM.Collect$$libinit$$0000001F          0x0000029c   Section        0  libinit2.o(.ARM.Collect$$libinit$$0000001F)
    .ARM.Collect$$libinit$$00000021          0x0000029c   Section        0  libinit2.o(.ARM.Collect$$libinit$$00000021)
    .ARM.Collect$$libinit$$00000023          0x0000029c   Section        0  libinit2.o(.ARM.Collect$$libinit$$00000023)
    .ARM.Collect$$libinit$$00000025          0x0000029c   Section        0  libinit2.o(.ARM.Collect$$libinit$$00000025)
    .ARM.Collect$$libinit$$0000002C          0x0000029c   Section        0  libinit2.o(.ARM.Collect$$libinit$$0000002C)
    .ARM.Collect$$libinit$$0000002E          0x0000029c   Section        0  libinit2.o(.ARM.Collect$$libinit$$0000002E)
    .ARM.Collect$$libinit$$00000030          0x0000029c   Section        0  libinit2.o(.ARM.Collect$$libinit$$00000030)
    .ARM.Collect$$libinit$$00000032          0x0000029c   Section        0  libinit2.o(.ARM.Collect$$libinit$$00000032)
    .ARM.Collect$$libinit$$00000033          0x0000029c   Section        2  libinit2.o(.ARM.Collect$$libinit$$00000033)
    .ARM.Collect$$libshutdown$$00000000      0x0000029e   Section        2  libshutdown.o(.ARM.Collect$$libshutdown$$00000000)
    .ARM.Collect$$libshutdown$$00000002      0x000002a0   Section        0  libshutdown2.o(.ARM.Collect$$libshutdown$$00000002)
    .ARM.Collect$$libshutdown$$00000004      0x000002a0   Section        0  libshutdown2.o(.ARM.Collect$$libshutdown$$00000004)
    .ARM.Collect$$libshutdown$$00000006      0x000002a0   Section        0  libshutdown2.o(.ARM.Collect$$libshutdown$$00000006)
    .ARM.Collect$$libshutdown$$00000009      0x000002a0   Section        0  libshutdown2.o(.ARM.Collect$$libshutdown$$00000009)
    .ARM.Collect$$libshutdown$$0000000C      0x000002a0   Section        0  libshutdown2.o(.ARM.Collect$$libshutdown$$0000000C)
    .ARM.Collect$$libshutdown$$0000000E      0x000002a0   Section        0  libshutdown2.o(.ARM.Collect$$libshutdown$$0000000E)
    .ARM.Collect$$libshutdown$$00000011      0x000002a0   Section        0  libshutdown2.o(.ARM.Collect$$libshutdown$$00000011)
    .ARM.Collect$$libshutdown$$00000012      0x000002a0   Section        2  libshutdown2.o(.ARM.Collect$$libshutdown$$00000012)
    .ARM.Collect$$rtentry$$00000000          0x000002a2   Section        0  __rtentry.o(.ARM.Collect$$rtentry$$00000000)
    .ARM.Collect$$rtentry$$00000002          0x000002a2   Section        0  __rtentry2.o(.ARM.Collect$$rtentry$$00000002)
    .ARM.Collect$$rtentry$$00000004          0x000002a2   Section        6  __rtentry4.o(.ARM.Collect$$rtentry$$00000004)
    .ARM.Collect$$rtentry$$00000009          0x000002a8   Section        0  __rtentry2.o(.ARM.Collect$$rtentry$$00000009)
    .ARM.Collect$$rtentry$$0000000A          0x000002a8   Section        4  __rtentry2.o(.ARM.Collect$$rtentry$$0000000A)
    .ARM.Collect$$rtentry$$0000000C          0x000002ac   Section        0  __rtentry2.o(.ARM.Collect$$rtentry$$0000000C)
    .ARM.Collect$$rtentry$$0000000D          0x000002ac   Section        8  __rtentry2.o(.ARM.Collect$$rtentry$$0000000D)
    .ARM.Collect$$rtexit$$00000000           0x000002b4   Section        2  rtexit.o(.ARM.Collect$$rtexit$$00000000)
    .ARM.Collect$$rtexit$$00000002           0x000002b6   Section        0  rtexit2.o(.ARM.Collect$$rtexit$$00000002)
    .ARM.Collect$$rtexit$$00000003           0x000002b6   Section        4  rtexit2.o(.ARM.Collect$$rtexit$$00000003)
    .ARM.Collect$$rtexit$$00000004           0x000002ba   Section        6  rtexit2.o(.ARM.Collect$$rtexit$$00000004)
    .text                                    0x000002c0   Section       60  startup_msp432e401y_uvision.o(.text)
    $v0                                      0x000002c0   Number         0  startup_msp432e401y_uvision.o(.text)
    .text                                    0x000002fc   Section        0  noretval__2sprintf.o(.text)
    .text                                    0x00000324   Section        0  __printf.o(.text)
    .text                                    0x0000038c   Section        0  _printf_dec.o(.text)
    .text                                    0x00000404   Section        0  _printf_hex_int.o(.text)
    .text                                    0x0000045c   Section        0  heapauxi.o(.text)
    .text                                    0x00000462   Section        0  _printf_intcommon.o(.text)
    .text                                    0x00000514   Section        0  _printf_fp_dec.o(.text)
    _fp_digits                               0x00000517   Thumb Code   432  _printf_fp_dec.o(.text)
    .text                                    0x00000934   Section        0  _printf_char_common.o(.text)
    _printf_input_char                       0x00000935   Thumb Code    10  _printf_char_common.o(.text)
    .text                                    0x00000964   Section        0  _sputc.o(.text)
    .text                                    0x00000970   Section        8  rt_locale_intlibspace.o(.text)
    .text                                    0x00000978   Section      138  lludiv10.o(.text)
    .text                                    0x00000a04   Section        0  _printf_fp_infnan.o(.text)
    .text                                    0x00000a84   Section        0  bigflt0.o(.text)
    .text                                    0x00000b68   Section        8  libspace.o(.text)
    .text                                    0x00000b70   Section       74  sys_stackheap_outer.o(.text)
    .text                                    0x00000bba   Section        0  exit.o(.text)
    .text                                    0x00000bcc   Section      128  strcmpv7m.o(.text)
    .text                                    0x00000c4c   Section        0  sys_exit.o(.text)
    .text                                    0x00000c58   Section        2  use_no_semi.o(.text)
    .text                                    0x00000c5a   Section        0  indicate_semi.o(.text)
    CL$$btod_d2e                             0x00000c5a   Section       62  btod.o(CL$$btod_d2e)
    CL$$btod_d2e_denorm_low                  0x00000c98   Section       70  btod.o(CL$$btod_d2e_denorm_low)
    CL$$btod_d2e_norm_op1                    0x00000cde   Section       96  btod.o(CL$$btod_d2e_norm_op1)
    CL$$btod_div_common                      0x00000d3e   Section      824  btod.o(CL$$btod_div_common)
    CL$$btod_e2e                             0x00001076   Section      220  btod.o(CL$$btod_e2e)
    CL$$btod_ediv                            0x00001152   Section       42  btod.o(CL$$btod_ediv)
    CL$$btod_emul                            0x0000117c   Section       42  btod.o(CL$$btod_emul)
    CL$$btod_mult_common                     0x000011a6   Section      580  btod.o(CL$$btod_mult_common)
    i.FlashAllLEDs                           0x000013ec   Section        0  onboardleds.o(i.FlashAllLEDs)
    i.FlashI2CError                          0x00001448   Section        0  onboardleds.o(i.FlashI2CError)
    i.FlashI2CRx                             0x0000145c   Section        0  onboardleds.o(i.FlashI2CRx)
    i.FlashI2CTx                             0x00001466   Section        0  onboardleds.o(i.FlashI2CTx)
    i.FlashLED1                              0x00001470   Section        0  onboardleds.o(i.FlashLED1)
    i.FlashLED2                              0x000014b4   Section        0  onboardleds.o(i.FlashLED2)
    i.FlashLED3                              0x000014d0   Section        0  onboardleds.o(i.FlashLED3)
    i.I2C_Init                               0x000014ec   Section        0  2dx_studio_8c.o(i.I2C_Init)
    i.PLL_Init                               0x00001578   Section        0  pll.o(i.PLL_Init)
    i.PortJ_Init                             0x00001694   Section        0  2dx_studio_8c.o(i.PortJ_Init)
    i.PortM_Init                             0x00001704   Section        0  2dx_studio_8c.o(i.PortM_Init)
    i.PortN1_Init                            0x00001768   Section        0  2dx_studio_8c.o(i.PortN1_Init)
    i.Status_Check                           0x000017a0   Section        0  uart.o(i.Status_Check)
    i.SysTick_Init                           0x000017f8   Section        0  systick.o(i.SysTick_Init)
    i.SysTick_Wait                           0x00001810   Section        0  systick.o(i.SysTick_Wait)
    i.SysTick_Wait10ms                       0x00001830   Section        0  systick.o(i.SysTick_Wait10ms)
    i.SystemInit                             0x0000184c   Section        0  system_msp432e401y.o(i.SystemInit)
    i.UART_Init                              0x0000186c   Section        0  uart.o(i.UART_Init)
    i.UART_OutChar                           0x00001938   Section        0  uart.o(i.UART_OutChar)
    i.UART_printf                            0x00001950   Section        0  uart.o(i.UART_printf)
    i.VL53L1X_BootState                      0x00001968   Section        0  vl53l1x_api.o(i.VL53L1X_BootState)
    i.VL53L1X_CheckForDataReady              0x0000198a   Section        0  vl53l1x_api.o(i.VL53L1X_CheckForDataReady)
    i.VL53L1X_ClearInterrupt                 0x000019c8   Section        0  vl53l1x_api.o(i.VL53L1X_ClearInterrupt)
    i.VL53L1X_GetDistance                    0x000019de   Section        0  vl53l1x_api.o(i.VL53L1X_GetDistance)
    i.VL53L1X_GetInterruptPolarity           0x000019fc   Section        0  vl53l1x_api.o(i.VL53L1X_GetInterruptPolarity)
    i.VL53L1X_GetSensorId                    0x00001a2e   Section        0  vl53l1x_api.o(i.VL53L1X_GetSensorId)
    i.VL53L1X_SensorInit                     0x00001a54   Section        0  vl53l1x_api.o(i.VL53L1X_SensorInit)
    i.VL53L1X_StartRanging                   0x00001b38   Section        0  vl53l1x_api.o(i.VL53L1X_StartRanging)
    i.VL53L1X_StopRanging                    0x00001b4e   Section        0  vl53l1x_api.o(i.VL53L1X_StopRanging)
    i.VL53L1_RdByte                          0x00001b64   Section        0  vl53l1_platform_2dx4.o(i.VL53L1_RdByte)
    i.VL53L1_RdWord                          0x00001b88   Section        0  vl53l1_platform_2dx4.o(i.VL53L1_RdWord)
    i.VL53L1_WaitMs                          0x00001bc0   Section        0  vl53l1_platform_2dx4.o(i.VL53L1_WaitMs)
    i.VL53L1_WrByte                          0x00001be0   Section        0  vl53l1_platform_2dx4.o(i.VL53L1_WrByte)
    i.__ARM_fpclassify                       0x00001bfe   Section        0  fpclassify.o(i.__ARM_fpclassify)
    i.beginRxI2C                             0x00001c30   Section        0  vl53l1_platform_2dx4.o(i.beginRxI2C)
    i.beginTxI2C                             0x00001c50   Section        0  vl53l1_platform_2dx4.o(i.beginTxI2C)
    i.main                                   0x00001c70   Section        0  2dx_studio_8c.o(i.main)
    i.onboardLEDs_Init                       0x00001ed0   Section        0  onboardleds.o(i.onboardLEDs_Init)
    i.readI2C                                0x00001f94   Section        0  vl53l1_platform_2dx4.o(i.readI2C)
    i.spin                                   0x00001fe0   Section        0  2dx_studio_8c.o(i.spin)
    i.writeI2C                               0x00002080   Section        0  vl53l1_platform_2dx4.o(i.writeI2C)
    i.writeRegisterIndex                     0x00002120   Section        0  vl53l1_platform_2dx4.o(i.writeRegisterIndex)
    i.writeRegisterIndex_nostop              0x000021a8   Section        0  vl53l1_platform_2dx4.o(i.writeRegisterIndex_nostop)
    locale$$code                             0x00002230   Section       44  lc_numeric_c.o(locale$$code)
    x$fpl$ddiv                               0x0000225c   Section      688  ddiv.o(x$fpl$ddiv)
    $v0                                      0x0000225c   Number         0  ddiv.o(x$fpl$ddiv)
    ddiv_entry                               0x00002263   Thumb Code     0  ddiv.o(x$fpl$ddiv)
    x$fpl$dfix                               0x0000250c   Section       94  dfix.o(x$fpl$dfix)
    $v0                                      0x0000250c   Number         0  dfix.o(x$fpl$dfix)
    x$fpl$dflt                               0x0000256a   Section       46  dflt_clz.o(x$fpl$dflt)
    $v0                                      0x0000256a   Number         0  dflt_clz.o(x$fpl$dflt)
    x$fpl$dfltu                              0x00002598   Section       38  dflt_clz.o(x$fpl$dfltu)
    $v0                                      0x00002598   Number         0  dflt_clz.o(x$fpl$dfltu)
    x$fpl$dmul                               0x000025c0   Section      340  dmul.o(x$fpl$dmul)
    $v0                                      0x000025c0   Number         0  dmul.o(x$fpl$dmul)
    x$fpl$dnaninf                            0x00002714   Section      156  dnaninf.o(x$fpl$dnaninf)
    $v0                                      0x00002714   Number         0  dnaninf.o(x$fpl$dnaninf)
    x$fpl$dretinf                            0x000027b0   Section       12  dretinf.o(x$fpl$dretinf)
    $v0                                      0x000027b0   Number         0  dretinf.o(x$fpl$dretinf)
    x$fpl$fpinit                             0x000027bc   Section       10  fpinit.o(x$fpl$fpinit)
    $v0                                      0x000027bc   Number         0  fpinit.o(x$fpl$fpinit)
    x$fpl$printf1                            0x000027c6   Section        4  printf1.o(x$fpl$printf1)
    $v0                                      0x000027c6   Number         0  printf1.o(x$fpl$printf1)
    .constdata                               0x000027ca   Section      115  vl53l1x_api.o(.constdata)
    x$fpl$usenofp                            0x000027ca   Section        0  usenofp.o(x$fpl$usenofp)
    status_rtn                               0x00002825   Data          24  vl53l1x_api.o(.constdata)
    .constdata                               0x0000283d   Section       40  _printf_hex_int.o(.constdata)
    uc_hextab                                0x0000283d   Data          20  _printf_hex_int.o(.constdata)
    lc_hextab                                0x00002851   Data          20  _printf_hex_int.o(.constdata)
    .constdata                               0x00002868   Section      148  bigflt0.o(.constdata)
    tenpwrs_x                                0x00002868   Data          60  bigflt0.o(.constdata)
    tenpwrs_i                                0x000028a4   Data          64  bigflt0.o(.constdata)
    locale$$data                             0x0000291c   Section       28  lc_numeric_c.o(locale$$data)
    __lcnum_c_name                           0x00002920   Data           2  lc_numeric_c.o(locale$$data)
    __lcnum_c_start                          0x00002928   Data           0  lc_numeric_c.o(locale$$data)
    __lcnum_c_point                          0x00002934   Data           0  lc_numeric_c.o(locale$$data)
    __lcnum_c_thousands                      0x00002936   Data           0  lc_numeric_c.o(locale$$data)
    __lcnum_c_grouping                       0x00002937   Data           0  lc_numeric_c.o(locale$$data)
    __lcnum_c_end                            0x00002938   Data           0  lc_numeric_c.o(locale$$data)
    .data                                    0x20000000   Section        8  2dx_studio_8c.o(.data)
    .data                                    0x20000008   Section        4  system_msp432e401y.o(.data)
    .bss                                     0x2000000c   Section     1023  uart.o(.bss)
    printf_buffer                            0x2000000c   Data        1023  uart.o(.bss)
    .bss                                     0x2000040b   Section     1023  2dx_studio_8c.o(.bss)
    printf_buffer                            0x2000040b   Data        1023  2dx_studio_8c.o(.bss)
    .bss                                     0x2000080c   Section       96  libspace.o(.bss)
    HEAP                                     0x20000870   Section        0  startup_msp432e401y_uvision.o(HEAP)
    STACK                                    0x20000870   Section      512  startup_msp432e401y_uvision.o(STACK)
    Heap_Mem                                 0x20000870   Data           0  startup_msp432e401y_uvision.o(HEAP)
    Stack_Mem                                0x20000870   Data         512  startup_msp432e401y_uvision.o(STACK)
    __initial_sp                             0x20000a70   Data           0  startup_msp432e401y_uvision.o(STACK)

    Global Symbols

    Symbol Name                              Value     Ov Type        Size  Object(Section)

    BuildAttributes$$THM_ISAv4$E$P$D$K$B$S$7EM$VFPi3$EXTD16$VFPS$VFMA$PE$A:L22UL41UL21$X:L11$S22US41US21$IEEE1$IW$USESV6$~STKCKD$USESV7$~SHL$OTIME$ROPI$IEEEJ$EBA8$UX$STANDARDLIB$REQ8$PRES8$EABIv2 0x00000000   Number         0  anon$$obj.o ABSOLUTE
    __ARM_use_no_argv                        0x00000000   Number         0  2dx_studio_8c.o ABSOLUTE
    __Vectors                                0x00000000   Data           4  startup_msp432e401y_uvision.o(RESET)
    __ARM_exceptions_init                     - Undefined Weak Reference
    __alloca_initialize                       - Undefined Weak Reference
    __arm_fini_                               - Undefined Weak Reference
    __arm_preinit_                            - Undefined Weak Reference
    __cpp_initialize__aeabi_                  - Undefined Weak Reference
    __cxa_finalize                            - Undefined Weak Reference
    __sigvec_lookup                           - Undefined Weak Reference
    _atexit_init                              - Undefined Weak Reference
    _call_atexit_fns                          - Undefined Weak Reference
    _clock_init                               - Undefined Weak Reference
    _fp_trap_init                             - Undefined Weak Reference
    _fp_trap_shutdown                         - Undefined Weak Reference
    _get_lc_collate                           - Undefined Weak Reference
    _get_lc_ctype                             - Undefined Weak Reference
    _get_lc_monetary                          - Undefined Weak Reference
    _get_lc_time                              - Undefined Weak Reference
    _getenv_init                              - Undefined Weak Reference
    _handle_redirection                       - Undefined Weak Reference
    _init_alloc                               - Undefined Weak Reference
    _init_user_alloc                          - Undefined Weak Reference
    _initio                                   - Undefined Weak Reference
    _printf_post_padding                      - Undefined Weak Reference
    _printf_pre_padding                       - Undefined Weak Reference
    _printf_truncate_signed                   - Undefined Weak Reference
    _printf_truncate_unsigned                 - Undefined Weak Reference
    _rand_init                                - Undefined Weak Reference
    _signal_finish                            - Undefined Weak Reference
    _signal_init                              - Undefined Weak Reference
    _terminate_alloc                          - Undefined Weak Reference
    _terminate_user_alloc                     - Undefined Weak Reference
    _terminateio                              - Undefined Weak Reference
    __Vectors_End                            0x000001fc   Data           0  startup_msp432e401y_uvision.o(RESET)
    __Vectors_Size                           0x000001fc   Number         0  startup_msp432e401y_uvision.o ABSOLUTE
    __main                                   0x000001fd   Thumb Code     8  __main.o(!!!main)
    __scatterload                            0x00000205   Thumb Code     0  __scatter.o(!!!scatter)
    __scatterload_rt2                        0x00000205   Thumb Code    44  __scatter.o(!!!scatter)
    __scatterload_rt2_thumb_only             0x00000205   Thumb Code     0  __scatter.o(!!!scatter)
    __scatterload_null                       0x00000213   Thumb Code     0  __scatter.o(!!!scatter)
    __scatterload_copy                       0x00000239   Thumb Code    26  __scatter_copy.o(!!handler_copy)
    __scatterload_zeroinit                   0x00000255   Thumb Code    28  __scatter_zi.o(!!handler_zi)
    _printf_f                                0x00000271   Thumb Code     0  _printf_f.o(.ARM.Collect$$_printf_percent$$00000003)
    _printf_percent                          0x00000271   Thumb Code     0  _printf_percent.o(.ARM.Collect$$_printf_percent$$00000000)
    _printf_d                                0x00000277   Thumb Code     0  _printf_d.o(.ARM.Collect$$_printf_percent$$00000009)
    _printf_x                                0x0000027d   Thumb Code     0  _printf_x.o(.ARM.Collect$$_printf_percent$$0000000C)
    _printf_percent_end                      0x00000283   Thumb Code     0  _printf_percent_end.o(.ARM.Collect$$_printf_percent$$00000017)
    __rt_lib_init                            0x00000287   Thumb Code     0  libinit.o(.ARM.Collect$$libinit$$00000000)
    __rt_lib_init_fp_1                       0x00000289   Thumb Code     0  libinit2.o(.ARM.Collect$$libinit$$00000001)
    __rt_lib_init_heap_1                     0x0000028d   Thumb Code     0  libinit2.o(.ARM.Collect$$libinit$$0000000A)
    __rt_lib_init_lc_common                  0x0000028d   Thumb Code     0  libinit2.o(.ARM.Collect$$libinit$$0000000F)
    __rt_lib_init_preinit_1                  0x0000028d   Thumb Code     0  libinit2.o(.ARM.Collect$$libinit$$00000004)
    __rt_lib_init_rand_1                     0x0000028d   Thumb Code     0  libinit2.o(.ARM.Collect$$libinit$$0000000E)
    __rt_lib_init_user_alloc_1               0x0000028d   Thumb Code     0  libinit2.o(.ARM.Collect$$libinit$$0000000C)
    __rt_lib_init_lc_collate_1               0x00000293   Thumb Code     0  libinit2.o(.ARM.Collect$$libinit$$00000011)
    __rt_lib_init_lc_ctype_1                 0x00000293   Thumb Code     0  libinit2.o(.ARM.Collect$$libinit$$00000013)
    __rt_lib_init_lc_monetary_1              0x00000293   Thumb Code     0  libinit2.o(.ARM.Collect$$libinit$$00000015)
    __rt_lib_init_lc_numeric_2               0x00000293   Thumb Code     0  libinit2.o(.ARM.Collect$$libinit$$00000016)
    __rt_lib_init_alloca_1                   0x0000029d   Thumb Code     0  libinit2.o(.ARM.Collect$$libinit$$0000002E)
    __rt_lib_init_argv_1                     0x0000029d   Thumb Code     0  libinit2.o(.ARM.Collect$$libinit$$0000002C)
    __rt_lib_init_atexit_1                   0x0000029d   Thumb Code     0  libinit2.o(.ARM.Collect$$libinit$$0000001B)
    __rt_lib_init_clock_1                    0x0000029d   Thumb Code     0  libinit2.o(.ARM.Collect$$libinit$$00000021)
    __rt_lib_init_cpp_1                      0x0000029d   Thumb Code     0  libinit2.o(.ARM.Collect$$libinit$$00000032)
    __rt_lib_init_exceptions_1               0x0000029d   Thumb Code     0  libinit2.o(.ARM.Collect$$libinit$$00000030)
    __rt_lib_init_fp_trap_1                  0x0000029d   Thumb Code     0  libinit2.o(.ARM.Collect$$libinit$$0000001F)
    __rt_lib_init_getenv_1                   0x0000029d   Thumb Code     0  libinit2.o(.ARM.Collect$$libinit$$00000023)
    __rt_lib_init_lc_numeric_1               0x0000029d   Thumb Code     0  libinit2.o(.ARM.Collect$$libinit$$00000017)
    __rt_lib_init_lc_time_1                  0x0000029d   Thumb Code     0  libinit2.o(.ARM.Collect$$libinit$$00000019)
    __rt_lib_init_return                     0x0000029d   Thumb Code     0  libinit2.o(.ARM.Collect$$libinit$$00000033)
    __rt_lib_init_signal_1                   0x0000029d   Thumb Code     0  libinit2.o(.ARM.Collect$$libinit$$0000001D)
    __rt_lib_init_stdio_1                    0x0000029d   Thumb Code     0  libinit2.o(.ARM.Collect$$libinit$$00000025)
    __rt_lib_shutdown                        0x0000029f   Thumb Code     0  libshutdown.o(.ARM.Collect$$libshutdown$$00000000)
    __rt_lib_shutdown_cpp_1                  0x000002a1   Thumb Code     0  libshutdown2.o(.ARM.Collect$$libshutdown$$00000004)
    __rt_lib_shutdown_fini_1                 0x000002a1   Thumb Code     0  libshutdown2.o(.ARM.Collect$$libshutdown$$00000002)
    __rt_lib_shutdown_fp_trap_1              0x000002a1   Thumb Code     0  libshutdown2.o(.ARM.Collect$$libshutdown$$00000009)
    __rt_lib_shutdown_heap_1                 0x000002a1   Thumb Code     0  libshutdown2.o(.ARM.Collect$$libshutdown$$00000011)
    __rt_lib_shutdown_return                 0x000002a1   Thumb Code     0  libshutdown2.o(.ARM.Collect$$libshutdown$$00000012)
    __rt_lib_shutdown_signal_1               0x000002a1   Thumb Code     0  libshutdown2.o(.ARM.Collect$$libshutdown$$0000000C)
    __rt_lib_shutdown_stdio_1                0x000002a1   Thumb Code     0  libshutdown2.o(.ARM.Collect$$libshutdown$$00000006)
    __rt_lib_shutdown_user_alloc_1           0x000002a1   Thumb Code     0  libshutdown2.o(.ARM.Collect$$libshutdown$$0000000E)
    __rt_entry                               0x000002a3   Thumb Code     0  __rtentry.o(.ARM.Collect$$rtentry$$00000000)
    __rt_entry_presh_1                       0x000002a3   Thumb Code     0  __rtentry2.o(.ARM.Collect$$rtentry$$00000002)
    __rt_entry_sh                            0x000002a3   Thumb Code     0  __rtentry4.o(.ARM.Collect$$rtentry$$00000004)
    __rt_entry_li                            0x000002a9   Thumb Code     0  __rtentry2.o(.ARM.Collect$$rtentry$$0000000A)
    __rt_entry_postsh_1                      0x000002a9   Thumb Code     0  __rtentry2.o(.ARM.Collect$$rtentry$$00000009)
    __rt_entry_main                          0x000002ad   Thumb Code     0  __rtentry2.o(.ARM.Collect$$rtentry$$0000000D)
    __rt_entry_postli_1                      0x000002ad   Thumb Code     0  __rtentry2.o(.ARM.Collect$$rtentry$$0000000C)
    __rt_exit                                0x000002b5   Thumb Code     0  rtexit.o(.ARM.Collect$$rtexit$$00000000)
    __rt_exit_ls                             0x000002b7   Thumb Code     0  rtexit2.o(.ARM.Collect$$rtexit$$00000003)
    __rt_exit_prels_1                        0x000002b7   Thumb Code     0  rtexit2.o(.ARM.Collect$$rtexit$$00000002)
    __rt_exit_exit                           0x000002bb   Thumb Code     0  rtexit2.o(.ARM.Collect$$rtexit$$00000004)
    Reset_Handler                            0x000002c1   Thumb Code     8  startup_msp432e401y_uvision.o(.text)
    NMI_Handler                              0x000002c9   Thumb Code     2  startup_msp432e401y_uvision.o(.text)
    HardFault_Handler                        0x000002cb   Thumb Code     2  startup_msp432e401y_uvision.o(.text)
    MemManage_Handler                        0x000002cd   Thumb Code     2  startup_msp432e401y_uvision.o(.text)
    BusFault_Handler                         0x000002cf   Thumb Code     2  startup_msp432e401y_uvision.o(.text)
    UsageFault_Handler                       0x000002d1   Thumb Code     2  startup_msp432e401y_uvision.o(.text)
    SVC_Handler                              0x000002d3   Thumb Code     2  startup_msp432e401y_uvision.o(.text)
    DebugMon_Handler                         0x000002d5   Thumb Code     2  startup_msp432e401y_uvision.o(.text)
    PendSV_Handler                           0x000002d7   Thumb Code     2  startup_msp432e401y_uvision.o(.text)
    SysTick_Handler                          0x000002d9   Thumb Code     2  startup_msp432e401y_uvision.o(.text)
    ADC0SS0_IRQHandler                       0x000002db   Thumb Code     0  startup_msp432e401y_uvision.o(.text)
    ADC0SS1_IRQHandler                       0x000002db   Thumb Code     0  startup_msp432e401y_uvision.o(.text)
    ADC0SS2_IRQHandler                       0x000002db   Thumb Code     0  startup_msp432e401y_uvision.o(.text)
    ADC0SS3_IRQHandler                       0x000002db   Thumb Code     0  startup_msp432e401y_uvision.o(.text)
    ADC1SS0_IRQHandler                       0x000002db   Thumb Code     0  startup_msp432e401y_uvision.o(.text)
    ADC1SS1_IRQHandler                       0x000002db   Thumb Code     0  startup_msp432e401y_uvision.o(.text)
    ADC1SS2_IRQHandler                       0x000002db   Thumb Code     0  startup_msp432e401y_uvision.o(.text)
    ADC1SS3_IRQHandler                       0x000002db   Thumb Code     0  startup_msp432e401y_uvision.o(.text)
    AES0_IRQHandler                          0x000002db   Thumb Code     0  startup_msp432e401y_uvision.o(.text)
    CAN0_IRQHandler                          0x000002db   Thumb Code     0  startup_msp432e401y_uvision.o(.text)
    CAN1_IRQHandler                          0x000002db   Thumb Code     0  startup_msp432e401y_uvision.o(.text)
    COMP0_IRQHandler                         0x000002db   Thumb Code     0  startup_msp432e401y_uvision.o(.text)
    COMP1_IRQHandler                         0x000002db   Thumb Code     0  startup_msp432e401y_uvision.o(.text)
    COMP2_IRQHandler                         0x000002db   Thumb Code     0  startup_msp432e401y_uvision.o(.text)
    DES0_IRQHandler                          0x000002db   Thumb Code     0  startup_msp432e401y_uvision.o(.text)
    EMAC0_IRQHandler                         0x000002db   Thumb Code     0  startup_msp432e401y_uvision.o(.text)
    EPI0_IRQHandler                          0x000002db   Thumb Code     0  startup_msp432e401y_uvision.o(.text)
    FLASH_IRQHandler                         0x000002db   Thumb Code     0  startup_msp432e401y_uvision.o(.text)
    GPIOA_IRQHandler                         0x000002db   Thumb Code     0  startup_msp432e401y_uvision.o(.text)
    GPIOB_IRQHandler                         0x000002db   Thumb Code     0  startup_msp432e401y_uvision.o(.text)
    GPIOC_IRQHandler                         0x000002db   Thumb Code     0  startup_msp432e401y_uvision.o(.text)
    GPIOD_IRQHandler                         0x000002db   Thumb Code     0  startup_msp432e401y_uvision.o(.text)
    GPIOE_IRQHandler                         0x000002db   Thumb Code     0  startup_msp432e401y_uvision.o(.text)
    GPIOF_IRQHandler                         0x000002db   Thumb Code     0  startup_msp432e401y_uvision.o(.text)
    GPIOG_IRQHandler                         0x000002db   Thumb Code     0  startup_msp432e401y_uvision.o(.text)
    GPIOH_IRQHandler                         0x000002db   Thumb Code     0  startup_msp432e401y_uvision.o(.text)
    GPIOJ_IRQHandler                         0x000002db   Thumb Code     0  startup_msp432e401y_uvision.o(.text)
    GPIOK_IRQHandler                         0x000002db   Thumb Code     0  startup_msp432e401y_uvision.o(.text)
    GPIOL_IRQHandler                         0x000002db   Thumb Code     0  startup_msp432e401y_uvision.o(.text)
    GPIOM_IRQHandler                         0x000002db   Thumb Code     0  startup_msp432e401y_uvision.o(.text)
    GPION_IRQHandler                         0x000002db   Thumb Code     0  startup_msp432e401y_uvision.o(.text)
    GPIOP0_IRQHandler                        0x000002db   Thumb Code     0  startup_msp432e401y_uvision.o(.text)
    GPIOP1_IRQHandler                        0x000002db   Thumb Code     0  startup_msp432e401y_uvision.o(.text)
    GPIOP2_IRQHandler                        0x000002db   Thumb Code     0  startup_msp432e401y_uvision.o(.text)
    GPIOP3_IRQHandler                        0x000002db   Thumb Code     0  startup_msp432e401y_uvision.o(.text)
    GPIOP4_IRQHandler                        0x000002db   Thumb Code     0  startup_msp432e401y_uvision.o(.text)
    GPIOP5_IRQHandler                        0x000002db   Thumb Code     0  startup_msp432e401y_uvision.o(.text)
    GPIOP6_IRQHandler                        0x000002db   Thumb Code     0  startup_msp432e401y_uvision.o(.text)
    GPIOP7_IRQHandler                        0x000002db   Thumb Code     0  startup_msp432e401y_uvision.o(.text)
    GPIOQ0_IRQHandler                        0x000002db   Thumb Code     0  startup_msp432e401y_uvision.o(.text)
    GPIOQ1_IRQHandler                        0x000002db   Thumb Code     0  startup_msp432e401y_uvision.o(.text)
    GPIOQ2_IRQHandler                        0x000002db   Thumb Code     0  startup_msp432e401y_uvision.o(.text)
    GPIOQ3_IRQHandler                        0x000002db   Thumb Code     0  startup_msp432e401y_uvision.o(.text)
    GPIOQ4_IRQHandler                        0x000002db   Thumb Code     0  startup_msp432e401y_uvision.o(.text)
    GPIOQ5_IRQHandler                        0x000002db   Thumb Code     0  startup_msp432e401y_uvision.o(.text)
    GPIOQ6_IRQHandler                        0x000002db   Thumb Code     0  startup_msp432e401y_uvision.o(.text)
    GPIOQ7_IRQHandler                        0x000002db   Thumb Code     0  startup_msp432e401y_uvision.o(.text)
    HIBERNATE_IRQHandler                     0x000002db   Thumb Code     0  startup_msp432e401y_uvision.o(.text)
    I2C0_IRQHandler                          0x000002db   Thumb Code     0  startup_msp432e401y_uvision.o(.text)
    I2C1_IRQHandler                          0x000002db   Thumb Code     0  startup_msp432e401y_uvision.o(.text)
    I2C2_IRQHandler                          0x000002db   Thumb Code     0  startup_msp432e401y_uvision.o(.text)
    I2C3_IRQHandler                          0x000002db   Thumb Code     0  startup_msp432e401y_uvision.o(.text)
    I2C4_IRQHandler                          0x000002db   Thumb Code     0  startup_msp432e401y_uvision.o(.text)
    I2C5_IRQHandler                          0x000002db   Thumb Code     0  startup_msp432e401y_uvision.o(.text)
    I2C6_IRQHandler                          0x000002db   Thumb Code     0  startup_msp432e401y_uvision.o(.text)
    I2C7_IRQHandler                          0x000002db   Thumb Code     0  startup_msp432e401y_uvision.o(.text)
    I2C8_IRQHandler                          0x000002db   Thumb Code     0  startup_msp432e401y_uvision.o(.text)
    I2C9_IRQHandler                          0x000002db   Thumb Code     0  startup_msp432e401y_uvision.o(.text)
    PWM0_0_IRQHandler                        0x000002db   Thumb Code     0  startup_msp432e401y_uvision.o(.text)
    PWM0_1_IRQHandler                        0x000002db   Thumb Code     0  startup_msp432e401y_uvision.o(.text)
    PWM0_2_IRQHandler                        0x000002db   Thumb Code     0  startup_msp432e401y_uvision.o(.text)
    PWM0_3_IRQHandler                        0x000002db   Thumb Code     0  startup_msp432e401y_uvision.o(.text)
    PWM0_FAULT_IRQHandler                    0x000002db   Thumb Code     0  startup_msp432e401y_uvision.o(.text)
    QEI0_IRQHandler                          0x000002db   Thumb Code     0  startup_msp432e401y_uvision.o(.text)
    SHA0_IRQHandler                          0x000002db   Thumb Code     0  startup_msp432e401y_uvision.o(.text)
    SSI0_IRQHandler                          0x000002db   Thumb Code     0  startup_msp432e401y_uvision.o(.text)
    SSI1_IRQHandler                          0x000002db   Thumb Code     0  startup_msp432e401y_uvision.o(.text)
    SSI2_IRQHandler                          0x000002db   Thumb Code     0  startup_msp432e401y_uvision.o(.text)
    SSI3_IRQHandler                          0x000002db   Thumb Code     0  startup_msp432e401y_uvision.o(.text)
    SYSCTL_IRQHandler                        0x000002db   Thumb Code     0  startup_msp432e401y_uvision.o(.text)
    SYSEXC_IRQHandler                        0x000002db   Thumb Code     0  startup_msp432e401y_uvision.o(.text)
    TAMPER0_IRQHandler                       0x000002db   Thumb Code     0  startup_msp432e401y_uvision.o(.text)
    TIMER0A_IRQHandler                       0x000002db   Thumb Code     0  startup_msp432e401y_uvision.o(.text)
    TIMER0B_IRQHandler                       0x000002db   Thumb Code     0  startup_msp432e401y_uvision.o(.text)
    TIMER1A_IRQHandler                       0x000002db   Thumb Code     0  startup_msp432e401y_uvision.o(.text)
    TIMER1B_IRQHandler                       0x000002db   Thumb Code     0  startup_msp432e401y_uvision.o(.text)
    TIMER2A_IRQHandler                       0x000002db   Thumb Code     0  startup_msp432e401y_uvision.o(.text)
    TIMER2B_IRQHandler                       0x000002db   Thumb Code     0  startup_msp432e401y_uvision.o(.text)
    TIMER3A_IRQHandler                       0x000002db   Thumb Code     0  startup_msp432e401y_uvision.o(.text)
    TIMER3B_IRQHandler                       0x000002db   Thumb Code     0  startup_msp432e401y_uvision.o(.text)
    TIMER4A_IRQHandler                       0x000002db   Thumb Code     0  startup_msp432e401y_uvision.o(.text)
    TIMER4B_IRQHandler                       0x000002db   Thumb Code     0  startup_msp432e401y_uvision.o(.text)
    TIMER5A_IRQHandler                       0x000002db   Thumb Code     0  startup_msp432e401y_uvision.o(.text)
    TIMER5B_IRQHandler                       0x000002db   Thumb Code     0  startup_msp432e401y_uvision.o(.text)
    TIMER6A_IRQHandler                       0x000002db   Thumb Code     0  startup_msp432e401y_uvision.o(.text)
    TIMER6B_IRQHandler                       0x000002db   Thumb Code     0  startup_msp432e401y_uvision.o(.text)
    TIMER7A_IRQHandler                       0x000002db   Thumb Code     0  startup_msp432e401y_uvision.o(.text)
    TIMER7B_IRQHandler                       0x000002db   Thumb Code     0  startup_msp432e401y_uvision.o(.text)
    UART0_IRQHandler                         0x000002db   Thumb Code     0  startup_msp432e401y_uvision.o(.text)
    UART1_IRQHandler                         0x000002db   Thumb Code     0  startup_msp432e401y_uvision.o(.text)
    UART2_IRQHandler                         0x000002db   Thumb Code     0  startup_msp432e401y_uvision.o(.text)
    UART3_IRQHandler                         0x000002db   Thumb Code     0  startup_msp432e401y_uvision.o(.text)
    UART4_IRQHandler                         0x000002db   Thumb Code     0  startup_msp432e401y_uvision.o(.text)
    UART5_IRQHandler                         0x000002db   Thumb Code     0  startup_msp432e401y_uvision.o(.text)
    UART6_IRQHandler                         0x000002db   Thumb Code     0  startup_msp432e401y_uvision.o(.text)
    UART7_IRQHandler                         0x000002db   Thumb Code     0  startup_msp432e401y_uvision.o(.text)
    UDMAERR_IRQHandler                       0x000002db   Thumb Code     0  startup_msp432e401y_uvision.o(.text)
    UDMA_IRQHandler                          0x000002db   Thumb Code     0  startup_msp432e401y_uvision.o(.text)
    USB0_IRQHandler                          0x000002db   Thumb Code     0  startup_msp432e401y_uvision.o(.text)
    WATCHDOG_IRQHandler                      0x000002db   Thumb Code     0  startup_msp432e401y_uvision.o(.text)
    __user_initial_stackheap                 0x000002dd   Thumb Code    10  startup_msp432e401y_uvision.o(.text)
    __2sprintf                               0x000002fd   Thumb Code    34  noretval__2sprintf.o(.text)
    __printf                                 0x00000325   Thumb Code   104  __printf.o(.text)
    _printf_int_dec                          0x0000038d   Thumb Code   104  _printf_dec.o(.text)
    _printf_int_hex                          0x00000405   Thumb Code    84  _printf_hex_int.o(.text)
    _printf_longlong_hex                     0x00000405   Thumb Code     0  _printf_hex_int.o(.text)
    __use_two_region_memory                  0x0000045d   Thumb Code     2  heapauxi.o(.text)
    __rt_heap_escrow$2region                 0x0000045f   Thumb Code     2  heapauxi.o(.text)
    __rt_heap_expand$2region                 0x00000461   Thumb Code     2  heapauxi.o(.text)
    _printf_int_common                       0x00000463   Thumb Code   178  _printf_intcommon.o(.text)
    __lib_sel_fp_printf                      0x00000515   Thumb Code     2  _printf_fp_dec.o(.text)
    _printf_fp_dec_real                      0x000006c7   Thumb Code   620  _printf_fp_dec.o(.text)
    _printf_char_common                      0x0000093f   Thumb Code    32  _printf_char_common.o(.text)
    _sputc                                   0x00000965   Thumb Code    10  _sputc.o(.text)
    __rt_locale                              0x00000971   Thumb Code     8  rt_locale_intlibspace.o(.text)
    _ll_udiv10                               0x00000979   Thumb Code   138  lludiv10.o(.text)
    _printf_fp_infnan                        0x00000a05   Thumb Code   112  _printf_fp_infnan.o(.text)
    _btod_etento                             0x00000a85   Thumb Code   224  bigflt0.o(.text)
    __user_libspace                          0x00000b69   Thumb Code     8  libspace.o(.text)
    __user_perproc_libspace                  0x00000b69   Thumb Code     0  libspace.o(.text)
    __user_perthread_libspace                0x00000b69   Thumb Code     0  libspace.o(.text)
    __user_setup_stackheap                   0x00000b71   Thumb Code    74  sys_stackheap_outer.o(.text)
    exit                                     0x00000bbb   Thumb Code    18  exit.o(.text)
    strcmp                                   0x00000bcd   Thumb Code   128  strcmpv7m.o(.text)
    _sys_exit                                0x00000c4d   Thumb Code     8  sys_exit.o(.text)
    __I$use$semihosting                      0x00000c59   Thumb Code     0  use_no_semi.o(.text)
    __use_no_semihosting_swi                 0x00000c59   Thumb Code     2  use_no_semi.o(.text)
    __semihosting_library_function           0x00000c5b   Thumb Code     0  indicate_semi.o(.text)
    _btod_d2e                                0x00000c5b   Thumb Code    62  btod.o(CL$$btod_d2e)
    _d2e_denorm_low                          0x00000c99   Thumb Code    70  btod.o(CL$$btod_d2e_denorm_low)
    _d2e_norm_op1                            0x00000cdf   Thumb Code    96  btod.o(CL$$btod_d2e_norm_op1)
    __btod_div_common                        0x00000d3f   Thumb Code   696  btod.o(CL$$btod_div_common)
    _e2e                                     0x00001077   Thumb Code   220  btod.o(CL$$btod_e2e)
    _btod_ediv                               0x00001153   Thumb Code    42  btod.o(CL$$btod_ediv)
    _btod_emul                               0x0000117d   Thumb Code    42  btod.o(CL$$btod_emul)
    __btod_mult_common                       0x000011a7   Thumb Code   580  btod.o(CL$$btod_mult_common)
    FlashAllLEDs                             0x000013ed   Thumb Code    78  onboardleds.o(i.FlashAllLEDs)
    FlashI2CError                            0x00001449   Thumb Code    20  onboardleds.o(i.FlashI2CError)
    FlashI2CRx                               0x0000145d   Thumb Code    10  onboardleds.o(i.FlashI2CRx)
    FlashI2CTx                               0x00001467   Thumb Code    10  onboardleds.o(i.FlashI2CTx)
    FlashLED1                                0x00001471   Thumb Code    58  onboardleds.o(i.FlashLED1)
    FlashLED2                                0x000014b5   Thumb Code    28  onboardleds.o(i.FlashLED2)
    FlashLED3                                0x000014d1   Thumb Code    28  onboardleds.o(i.FlashLED3)
    I2C_Init                                 0x000014ed   Thumb Code   114  2dx_studio_8c.o(i.I2C_Init)
    PLL_Init                                 0x00001579   Thumb Code   272  pll.o(i.PLL_Init)
    PortJ_Init                               0x00001695   Thumb Code    96  2dx_studio_8c.o(i.PortJ_Init)
    PortM_Init                               0x00001705   Thumb Code    84  2dx_studio_8c.o(i.PortM_Init)
    PortN1_Init                              0x00001769   Thumb Code    38  2dx_studio_8c.o(i.PortN1_Init)
    Status_Check                             0x000017a1   Thumb Code    46  uart.o(i.Status_Check)
    SysTick_Init                             0x000017f9   Thumb Code    24  systick.o(i.SysTick_Init)
    SysTick_Wait                             0x00001811   Thumb Code    32  systick.o(i.SysTick_Wait)
    SysTick_Wait10ms                         0x00001831   Thumb Code    22  systick.o(i.SysTick_Wait10ms)
    SystemInit                               0x0000184d   Thumb Code    20  system_msp432e401y.o(i.SystemInit)
    UART_Init                                0x0000186d   Thumb Code   172  uart.o(i.UART_Init)
    UART_OutChar                             0x00001939   Thumb Code    20  uart.o(i.UART_OutChar)
    UART_printf                              0x00001951   Thumb Code    24  uart.o(i.UART_printf)
    VL53L1X_BootState                        0x00001969   Thumb Code    34  vl53l1x_api.o(i.VL53L1X_BootState)
    VL53L1X_CheckForDataReady                0x0000198b   Thumb Code    62  vl53l1x_api.o(i.VL53L1X_CheckForDataReady)
    VL53L1X_ClearInterrupt                   0x000019c9   Thumb Code    22  vl53l1x_api.o(i.VL53L1X_ClearInterrupt)
    VL53L1X_GetDistance                      0x000019df   Thumb Code    30  vl53l1x_api.o(i.VL53L1X_GetDistance)
    VL53L1X_GetInterruptPolarity             0x000019fd   Thumb Code    50  vl53l1x_api.o(i.VL53L1X_GetInterruptPolarity)
    VL53L1X_GetSensorId                      0x00001a2f   Thumb Code    36  vl53l1x_api.o(i.VL53L1X_GetSensorId)
    VL53L1X_SensorInit                       0x00001a55   Thumb Code   166  vl53l1x_api.o(i.VL53L1X_SensorInit)
    VL53L1X_StartRanging                     0x00001b39   Thumb Code    22  vl53l1x_api.o(i.VL53L1X_StartRanging)
    VL53L1X_StopRanging                      0x00001b4f   Thumb Code    22  vl53l1x_api.o(i.VL53L1X_StopRanging)
    VL53L1_RdByte                            0x00001b65   Thumb Code    36  vl53l1_platform_2dx4.o(i.VL53L1_RdByte)
    VL53L1_RdWord                            0x00001b89   Thumb Code    56  vl53l1_platform_2dx4.o(i.VL53L1_RdWord)
    VL53L1_WaitMs                            0x00001bc1   Thumb Code    26  vl53l1_platform_2dx4.o(i.VL53L1_WaitMs)
    VL53L1_WrByte                            0x00001be1   Thumb Code    30  vl53l1_platform_2dx4.o(i.VL53L1_WrByte)
    __ARM_fpclassify                         0x00001bff   Thumb Code    48  fpclassify.o(i.__ARM_fpclassify)
    beginRxI2C                               0x00001c31   Thumb Code    26  vl53l1_platform_2dx4.o(i.beginRxI2C)
    beginTxI2C                               0x00001c51   Thumb Code    26  vl53l1_platform_2dx4.o(i.beginTxI2C)
    main                                     0x00001c71   Thumb Code   434  2dx_studio_8c.o(i.main)
    onboardLEDs_Init                         0x00001ed1   Thumb Code   172  onboardleds.o(i.onboardLEDs_Init)
    readI2C                                  0x00001f95   Thumb Code    70  vl53l1_platform_2dx4.o(i.readI2C)
    spin                                     0x00001fe1   Thumb Code   148  2dx_studio_8c.o(i.spin)
    writeI2C                                 0x00002081   Thumb Code   154  vl53l1_platform_2dx4.o(i.writeI2C)
    writeRegisterIndex                       0x00002121   Thumb Code   132  vl53l1_platform_2dx4.o(i.writeRegisterIndex)
    writeRegisterIndex_nostop                0x000021a9   Thumb Code   132  vl53l1_platform_2dx4.o(i.writeRegisterIndex_nostop)
    _get_lc_numeric                          0x00002231   Thumb Code    44  lc_numeric_c.o(locale$$code)
    __aeabi_ddiv                             0x0000225d   Thumb Code     0  ddiv.o(x$fpl$ddiv)
    _ddiv                                    0x0000225d   Thumb Code   552  ddiv.o(x$fpl$ddiv)
    __aeabi_d2iz                             0x0000250d   Thumb Code     0  dfix.o(x$fpl$dfix)
    _dfix                                    0x0000250d   Thumb Code    94  dfix.o(x$fpl$dfix)
    __aeabi_i2d                              0x0000256b   Thumb Code     0  dflt_clz.o(x$fpl$dflt)
    _dflt                                    0x0000256b   Thumb Code    46  dflt_clz.o(x$fpl$dflt)
    __aeabi_ui2d                             0x00002599   Thumb Code     0  dflt_clz.o(x$fpl$dfltu)
    _dfltu                                   0x00002599   Thumb Code    38  dflt_clz.o(x$fpl$dfltu)
    __aeabi_dmul                             0x000025c1   Thumb Code     0  dmul.o(x$fpl$dmul)
    _dmul                                    0x000025c1   Thumb Code   332  dmul.o(x$fpl$dmul)
    __fpl_dnaninf                            0x00002715   Thumb Code   156  dnaninf.o(x$fpl$dnaninf)
    __fpl_dretinf                            0x000027b1   Thumb Code    12  dretinf.o(x$fpl$dretinf)
    _fp_init                                 0x000027bd   Thumb Code    10  fpinit.o(x$fpl$fpinit)
    __fplib_config_fpu_vfp                   0x000027c5   Thumb Code     0  fpinit.o(x$fpl$fpinit)
    __fplib_config_pureend_doubles           0x000027c5   Thumb Code     0  fpinit.o(x$fpl$fpinit)
    _printf_fp_dec                           0x000027c7   Thumb Code     4  printf1.o(x$fpl$printf1)
    VL51L1X_DEFAULT_CONFIGURATION            0x000027ca   Data          91  vl53l1x_api.o(.constdata)
    __I$use$fp                               0x000027ca   Number         0  usenofp.o(x$fpl$usenofp)
    Region$$Table$$Base                      0x000028fc   Number         0  anon$$obj.o(Region$$Table)
    Region$$Table$$Limit                     0x0000291c   Number         0  anon$$obj.o(Region$$Table)
    dev                                      0x20000000   Data           2  2dx_studio_8c.o(.data)
    status                                   0x20000004   Data           4  2dx_studio_8c.o(.data)
    SystemCoreClock                          0x20000008   Data           4  system_msp432e401y.o(.data)
    __libspace_start                         0x2000080c   Data          96  libspace.o(.bss)
    __temporary_stack_top$libspace           0x2000086c   Data           0  libspace.o(.bss)



==============================================================================

Memory Map of the image

  Image Entry point : 0x000002c1

  Load Region LR_1 (Base: 0x00000000, Size: 0x00002944, Max: 0xffffffff, ABSOLUTE)

    Execution Region ER_RO (Exec base: 0x00000000, Load base: 0x00000000, Size: 0x00002938, Max: 0xffffffff, ABSOLUTE)

    Exec Addr    Load Addr    Size         Type   Attr      Idx    E Section Name        Object

    0x00000000   0x00000000   0x000001fc   Data   RO          624    RESET               startup_msp432e401y_uvision.o
    0x000001fc   0x000001fc   0x00000008   Code   RO          745  * !!!main             c_w.l(__main.o)
    0x00000204   0x00000204   0x00000034   Code   RO          985    !!!scatter          c_w.l(__scatter.o)
    0x00000238   0x00000238   0x0000001a   Code   RO          987    !!handler_copy      c_w.l(__scatter_copy.o)
    0x00000252   0x00000252   0x00000002   PAD
    0x00000254   0x00000254   0x0000001c   Code   RO          989    !!handler_zi        c_w.l(__scatter_zi.o)
    0x00000270   0x00000270   0x00000000   Code   RO          742    .ARM.Collect$$_printf_percent$$00000000  c_w.l(_printf_percent.o)
    0x00000270   0x00000270   0x00000006   Code   RO          741    .ARM.Collect$$_printf_percent$$00000003  c_w.l(_printf_f.o)
    0x00000276   0x00000276   0x00000006   Code   RO          740    .ARM.Collect$$_printf_percent$$00000009  c_w.l(_printf_d.o)
    0x0000027c   0x0000027c   0x00000006   Code   RO          739    .ARM.Collect$$_printf_percent$$0000000C  c_w.l(_printf_x.o)
    0x00000282   0x00000282   0x00000004   Code   RO          778    .ARM.Collect$$_printf_percent$$00000017  c_w.l(_printf_percent_end.o)
    0x00000286   0x00000286   0x00000002   Code   RO          856    .ARM.Collect$$libinit$$00000000  c_w.l(libinit.o)
    0x00000288   0x00000288   0x00000004   Code   RO          857    .ARM.Collect$$libinit$$00000001  c_w.l(libinit2.o)
    0x0000028c   0x0000028c   0x00000000   Code   RO          860    .ARM.Collect$$libinit$$00000004  c_w.l(libinit2.o)
    0x0000028c   0x0000028c   0x00000000   Code   RO          863    .ARM.Collect$$libinit$$0000000A  c_w.l(libinit2.o)
    0x0000028c   0x0000028c   0x00000000   Code   RO          865    .ARM.Collect$$libinit$$0000000C  c_w.l(libinit2.o)
    0x0000028c   0x0000028c   0x00000000   Code   RO          867    .ARM.Collect$$libinit$$0000000E  c_w.l(libinit2.o)
    0x0000028c   0x0000028c   0x00000006   Code   RO          868    .ARM.Collect$$libinit$$0000000F  c_w.l(libinit2.o)
    0x00000292   0x00000292   0x00000000   Code   RO          870    .ARM.Collect$$libinit$$00000011  c_w.l(libinit2.o)
    0x00000292   0x00000292   0x00000000   Code   RO          872    .ARM.Collect$$libinit$$00000013  c_w.l(libinit2.o)
    0x00000292   0x00000292   0x00000000   Code   RO          874    .ARM.Collect$$libinit$$00000015  c_w.l(libinit2.o)
    0x00000292   0x00000292   0x0000000a   Code   RO          875    .ARM.Collect$$libinit$$00000016  c_w.l(libinit2.o)
    0x0000029c   0x0000029c   0x00000000   Code   RO          876    .ARM.Collect$$libinit$$00000017  c_w.l(libinit2.o)
    0x0000029c   0x0000029c   0x00000000   Code   RO          878    .ARM.Collect$$libinit$$00000019  c_w.l(libinit2.o)
    0x0000029c   0x0000029c   0x00000000   Code   RO          880    .ARM.Collect$$libinit$$0000001B  c_w.l(libinit2.o)
    0x0000029c   0x0000029c   0x00000000   Code   RO          882    .ARM.Collect$$libinit$$0000001D  c_w.l(libinit2.o)
    0x0000029c   0x0000029c   0x00000000   Code   RO          884    .ARM.Collect$$libinit$$0000001F  c_w.l(libinit2.o)
    0x0000029c   0x0000029c   0x00000000   Code   RO          886    .ARM.Collect$$libinit$$00000021  c_w.l(libinit2.o)
    0x0000029c   0x0000029c   0x00000000   Code   RO          888    .ARM.Collect$$libinit$$00000023  c_w.l(libinit2.o)
    0x0000029c   0x0000029c   0x00000000   Code   RO          890    .ARM.Collect$$libinit$$00000025  c_w.l(libinit2.o)
    0x0000029c   0x0000029c   0x00000000   Code   RO          894    .ARM.Collect$$libinit$$0000002C  c_w.l(libinit2.o)
    0x0000029c   0x0000029c   0x00000000   Code   RO          896    .ARM.Collect$$libinit$$0000002E  c_w.l(libinit2.o)
    0x0000029c   0x0000029c   0x00000000   Code   RO          898    .ARM.Collect$$libinit$$00000030  c_w.l(libinit2.o)
    0x0000029c   0x0000029c   0x00000000   Code   RO          900    .ARM.Collect$$libinit$$00000032  c_w.l(libinit2.o)
    0x0000029c   0x0000029c   0x00000002   Code   RO          901    .ARM.Collect$$libinit$$00000033  c_w.l(libinit2.o)
    0x0000029e   0x0000029e   0x00000002   Code   RO          931    .ARM.Collect$$libshutdown$$00000000  c_w.l(libshutdown.o)
    0x000002a0   0x000002a0   0x00000000   Code   RO          942    .ARM.Collect$$libshutdown$$00000002  c_w.l(libshutdown2.o)
    0x000002a0   0x000002a0   0x00000000   Code   RO          944    .ARM.Collect$$libshutdown$$00000004  c_w.l(libshutdown2.o)
    0x000002a0   0x000002a0   0x00000000   Code   RO          946    .ARM.Collect$$libshutdown$$00000006  c_w.l(libshutdown2.o)
    0x000002a0   0x000002a0   0x00000000   Code   RO          949    .ARM.Collect$$libshutdown$$00000009  c_w.l(libshutdown2.o)
    0x000002a0   0x000002a0   0x00000000   Code   RO          952    .ARM.Collect$$libshutdown$$0000000C  c_w.l(libshutdown2.o)
    0x000002a0   0x000002a0   0x00000000   Code   RO          954    .ARM.Collect$$libshutdown$$0000000E  c_w.l(libshutdown2.o)
    0x000002a0   0x000002a0   0x00000000   Code   RO          957    .ARM.Collect$$libshutdown$$00000011  c_w.l(libshutdown2.o)
    0x000002a0   0x000002a0   0x00000002   Code   RO          958    .ARM.Collect$$libshutdown$$00000012  c_w.l(libshutdown2.o)
    0x000002a2   0x000002a2   0x00000000   Code   RO          769    .ARM.Collect$$rtentry$$00000000  c_w.l(__rtentry.o)
    0x000002a2   0x000002a2   0x00000000   Code   RO          785    .ARM.Collect$$rtentry$$00000002  c_w.l(__rtentry2.o)
    0x000002a2   0x000002a2   0x00000006   Code   RO          797    .ARM.Collect$$rtentry$$00000004  c_w.l(__rtentry4.o)
    0x000002a8   0x000002a8   0x00000000   Code   RO          787    .ARM.Collect$$rtentry$$00000009  c_w.l(__rtentry2.o)
    0x000002a8   0x000002a8   0x00000004   Code   RO          788    .ARM.Collect$$rtentry$$0000000A  c_w.l(__rtentry2.o)
    0x000002ac   0x000002ac   0x00000000   Code   RO          790    .ARM.Collect$$rtentry$$0000000C  c_w.l(__rtentry2.o)
    0x000002ac   0x000002ac   0x00000008   Code   RO          791    .ARM.Collect$$rtentry$$0000000D  c_w.l(__rtentry2.o)
    0x000002b4   0x000002b4   0x00000002   Code   RO          902    .ARM.Collect$$rtexit$$00000000  c_w.l(rtexit.o)
    0x000002b6   0x000002b6   0x00000000   Code   RO          909    .ARM.Collect$$rtexit$$00000002  c_w.l(rtexit2.o)
    0x000002b6   0x000002b6   0x00000004   Code   RO          910    .ARM.Collect$$rtexit$$00000003  c_w.l(rtexit2.o)
    0x000002ba   0x000002ba   0x00000006   Code   RO          911    .ARM.Collect$$rtexit$$00000004  c_w.l(rtexit2.o)
    0x000002c0   0x000002c0   0x0000003c   Code   RO          625  * .text               startup_msp432e401y_uvision.o
    0x000002fc   0x000002fc   0x00000028   Code   RO          692    .text               c_w.l(noretval__2sprintf.o)
    0x00000324   0x00000324   0x00000068   Code   RO          694    .text               c_w.l(__printf.o)
    0x0000038c   0x0000038c   0x00000078   Code   RO          696    .text               c_w.l(_printf_dec.o)
    0x00000404   0x00000404   0x00000058   Code   RO          701    .text               c_w.l(_printf_hex_int.o)
    0x0000045c   0x0000045c   0x00000006   Code   RO          743    .text               c_w.l(heapauxi.o)
    0x00000462   0x00000462   0x000000b2   Code   RO          770    .text               c_w.l(_printf_intcommon.o)
    0x00000514   0x00000514   0x0000041e   Code   RO          772    .text               c_w.l(_printf_fp_dec.o)
    0x00000932   0x00000932   0x00000002   PAD
    0x00000934   0x00000934   0x00000030   Code   RO          774    .text               c_w.l(_printf_char_common.o)
    0x00000964   0x00000964   0x0000000a   Code   RO          776    .text               c_w.l(_sputc.o)
    0x0000096e   0x0000096e   0x00000002   PAD
    0x00000970   0x00000970   0x00000008   Code   RO          802    .text               c_w.l(rt_locale_intlibspace.o)
    0x00000978   0x00000978   0x0000008a   Code   RO          804    .text               c_w.l(lludiv10.o)
    0x00000a02   0x00000a02   0x00000002   PAD
    0x00000a04   0x00000a04   0x00000080   Code   RO          806    .text               c_w.l(_printf_fp_infnan.o)
    0x00000a84   0x00000a84   0x000000e4   Code   RO          810    .text               c_w.l(bigflt0.o)
    0x00000b68   0x00000b68   0x00000008   Code   RO          842    .text               c_w.l(libspace.o)
    0x00000b70   0x00000b70   0x0000004a   Code   RO          845    .text               c_w.l(sys_stackheap_outer.o)
    0x00000bba   0x00000bba   0x00000012   Code   RO          847    .text               c_w.l(exit.o)
    0x00000bcc   0x00000bcc   0x00000080   Code   RO          849    .text               c_w.l(strcmpv7m.o)
    0x00000c4c   0x00000c4c   0x0000000c   Code   RO          921    .text               c_w.l(sys_exit.o)
    0x00000c58   0x00000c58   0x00000002   Code   RO          932    .text               c_w.l(use_no_semi.o)
    0x00000c5a   0x00000c5a   0x00000000   Code   RO          934    .text               c_w.l(indicate_semi.o)
    0x00000c5a   0x00000c5a   0x0000003e   Code   RO          813    CL$$btod_d2e        c_w.l(btod.o)
    0x00000c98   0x00000c98   0x00000046   Code   RO          815    CL$$btod_d2e_denorm_low  c_w.l(btod.o)
    0x00000cde   0x00000cde   0x00000060   Code   RO          814    CL$$btod_d2e_norm_op1  c_w.l(btod.o)
    0x00000d3e   0x00000d3e   0x00000338   Code   RO          823    CL$$btod_div_common  c_w.l(btod.o)
    0x00001076   0x00001076   0x000000dc   Code   RO          820    CL$$btod_e2e        c_w.l(btod.o)
    0x00001152   0x00001152   0x0000002a   Code   RO          817    CL$$btod_ediv       c_w.l(btod.o)
    0x0000117c   0x0000117c   0x0000002a   Code   RO          816    CL$$btod_emul       c_w.l(btod.o)
    0x000011a6   0x000011a6   0x00000244   Code   RO          822    CL$$btod_mult_common  c_w.l(btod.o)
    0x000013ea   0x000013ea   0x00000002   PAD
    0x000013ec   0x000013ec   0x0000005c   Code   RO          455    i.FlashAllLEDs      onboardleds.o
    0x00001448   0x00001448   0x00000014   Code   RO          456    i.FlashI2CError     onboardleds.o
    0x0000145c   0x0000145c   0x0000000a   Code   RO          457    i.FlashI2CRx        onboardleds.o
    0x00001466   0x00001466   0x0000000a   Code   RO          458    i.FlashI2CTx        onboardleds.o
    0x00001470   0x00001470   0x00000044   Code   RO          459    i.FlashLED1         onboardleds.o
    0x000014b4   0x000014b4   0x0000001c   Code   RO          460    i.FlashLED2         onboardleds.o
    0x000014d0   0x000014d0   0x0000001c   Code   RO          461    i.FlashLED3         onboardleds.o
    0x000014ec   0x000014ec   0x0000008c   Code   RO          557    i.I2C_Init          2dx_studio_8c.o
    0x00001578   0x00001578   0x0000011c   Code   RO            1    i.PLL_Init          pll.o
    0x00001694   0x00001694   0x00000070   Code   RO          559    i.PortJ_Init        2dx_studio_8c.o
    0x00001704   0x00001704   0x00000064   Code   RO          560    i.PortM_Init        2dx_studio_8c.o
    0x00001768   0x00001768   0x00000038   Code   RO          561    i.PortN1_Init       2dx_studio_8c.o
    0x000017a0   0x000017a0   0x00000058   Code   RO          515    i.Status_Check      uart.o
    0x000017f8   0x000017f8   0x00000018   Code   RO           21    i.SysTick_Init      systick.o
    0x00001810   0x00001810   0x00000020   Code   RO           22    i.SysTick_Wait      systick.o
    0x00001830   0x00001830   0x0000001c   Code   RO           23    i.SysTick_Wait10ms  systick.o
    0x0000184c   0x0000184c   0x00000020   Code   RO          634    i.SystemInit        system_msp432e401y.o
    0x0000186c   0x0000186c   0x000000cc   Code   RO          517    i.UART_Init         uart.o
    0x00001938   0x00001938   0x00000018   Code   RO          518    i.UART_OutChar      uart.o
    0x00001950   0x00001950   0x00000018   Code   RO          519    i.UART_printf       uart.o
    0x00001968   0x00001968   0x00000022   Code   RO          179    i.VL53L1X_BootState  vl53l1x_api.o
    0x0000198a   0x0000198a   0x0000003e   Code   RO          180    i.VL53L1X_CheckForDataReady  vl53l1x_api.o
    0x000019c8   0x000019c8   0x00000016   Code   RO          181    i.VL53L1X_ClearInterrupt  vl53l1x_api.o
    0x000019de   0x000019de   0x0000001e   Code   RO          184    i.VL53L1X_GetDistance  vl53l1x_api.o
    0x000019fc   0x000019fc   0x00000032   Code   RO          190    i.VL53L1X_GetInterruptPolarity  vl53l1x_api.o
    0x00001a2e   0x00001a2e   0x00000024   Code   RO          197    i.VL53L1X_GetSensorId  vl53l1x_api.o
    0x00001a52   0x00001a52   0x00000002   PAD
    0x00001a54   0x00001a54   0x000000e4   Code   RO          205    i.VL53L1X_SensorInit  vl53l1x_api.o
    0x00001b38   0x00001b38   0x00000016   Code   RO          218    i.VL53L1X_StartRanging  vl53l1x_api.o
    0x00001b4e   0x00001b4e   0x00000016   Code   RO          220    i.VL53L1X_StopRanging  vl53l1x_api.o
    0x00001b64   0x00001b64   0x00000024   Code   RO           51    i.VL53L1_RdByte     vl53l1_platform_2dx4.o
    0x00001b88   0x00001b88   0x00000038   Code   RO           53    i.VL53L1_RdWord     vl53l1_platform_2dx4.o
    0x00001bc0   0x00001bc0   0x00000020   Code   RO           55    i.VL53L1_WaitMs     vl53l1_platform_2dx4.o
    0x00001be0   0x00001be0   0x0000001e   Code   RO           56    i.VL53L1_WrByte     vl53l1_platform_2dx4.o
    0x00001bfe   0x00001bfe   0x00000030   Code   RO          840    i.__ARM_fpclassify  m_wm.l(fpclassify.o)
    0x00001c2e   0x00001c2e   0x00000002   PAD
    0x00001c30   0x00001c30   0x00000020   Code   RO           60    i.beginRxI2C        vl53l1_platform_2dx4.o
    0x00001c50   0x00001c50   0x00000020   Code   RO           61    i.beginTxI2C        vl53l1_platform_2dx4.o
    0x00001c70   0x00001c70   0x00000260   Code   RO          563    i.main              2dx_studio_8c.o
    0x00001ed0   0x00001ed0   0x000000c4   Code   RO          463    i.onboardLEDs_Init  onboardleds.o
    0x00001f94   0x00001f94   0x0000004c   Code   RO           62    i.readI2C           vl53l1_platform_2dx4.o
    0x00001fe0   0x00001fe0   0x000000a0   Code   RO          564    i.spin              2dx_studio_8c.o
    0x00002080   0x00002080   0x000000a0   Code   RO           63    i.writeI2C          vl53l1_platform_2dx4.o
    0x00002120   0x00002120   0x00000088   Code   RO           64    i.writeRegisterIndex  vl53l1_platform_2dx4.o
    0x000021a8   0x000021a8   0x00000088   Code   RO           65    i.writeRegisterIndex_nostop  vl53l1_platform_2dx4.o
    0x00002230   0x00002230   0x0000002c   Code   RO          836    locale$$code        c_w.l(lc_numeric_c.o)
    0x0000225c   0x0000225c   0x000002b0   Code   RO          748    x$fpl$ddiv          fz_wm.l(ddiv.o)
    0x0000250c   0x0000250c   0x0000005e   Code   RO          751    x$fpl$dfix          fz_wm.l(dfix.o)
    0x0000256a   0x0000256a   0x0000002e   Code   RO          760    x$fpl$dflt          fz_wm.l(dflt_clz.o)
    0x00002598   0x00002598   0x00000026   Code   RO          759    x$fpl$dfltu         fz_wm.l(dflt_clz.o)
    0x000025be   0x000025be   0x00000002   PAD
    0x000025c0   0x000025c0   0x00000154   Code   RO          765    x$fpl$dmul          fz_wm.l(dmul.o)
    0x00002714   0x00002714   0x0000009c   Code   RO          779    x$fpl$dnaninf       fz_wm.l(dnaninf.o)
    0x000027b0   0x000027b0   0x0000000c   Code   RO          781    x$fpl$dretinf       fz_wm.l(dretinf.o)
    0x000027bc   0x000027bc   0x0000000a   Code   RO          906    x$fpl$fpinit        fz_wm.l(fpinit.o)
    0x000027c6   0x000027c6   0x00000004   Code   RO          767    x$fpl$printf1       fz_wm.l(printf1.o)
    0x000027ca   0x000027ca   0x00000000   Code   RO          783    x$fpl$usenofp       fz_wm.l(usenofp.o)
    0x000027ca   0x000027ca   0x00000073   Data   RO          222    .constdata          vl53l1x_api.o
    0x0000283d   0x0000283d   0x00000028   Data   RO          702    .constdata          c_w.l(_printf_hex_int.o)
    0x00002865   0x00002865   0x00000003   PAD
    0x00002868   0x00002868   0x00000094   Data   RO          811    .constdata          c_w.l(bigflt0.o)
    0x000028fc   0x000028fc   0x00000020   Data   RO          983    Region$$Table       anon$$obj.o
    0x0000291c   0x0000291c   0x0000001c   Data   RO          835    locale$$data        c_w.l(lc_numeric_c.o)


    Execution Region ER_RW (Exec base: 0x20000000, Load base: 0x00002938, Size: 0x0000000c, Max: 0xffffffff, ABSOLUTE)

    Exec Addr    Load Addr    Size         Type   Attr      Idx    E Section Name        Object

    0x20000000   0x00002938   0x00000008   Data   RW          566    .data               2dx_studio_8c.o
    0x20000008   0x00002940   0x00000004   Data   RW          635    .data               system_msp432e401y.o


    Execution Region ER_ZI (Exec base: 0x2000000c, Load base: 0x00002944, Size: 0x00000a64, Max: 0xffffffff, ABSOLUTE)

    Exec Addr    Load Addr    Size         Type   Attr      Idx    E Section Name        Object

    0x2000000c        -       0x000003ff   Zero   RW          520    .bss                uart.o
    0x2000040b        -       0x000003ff   Zero   RW          565    .bss                2dx_studio_8c.o
    0x2000080a   0x00002944   0x00000002   PAD
    0x2000080c        -       0x00000060   Zero   RW          843    .bss                c_w.l(libspace.o)
    0x2000086c   0x00002944   0x00000004   PAD
    0x20000870        -       0x00000000   Zero   RW          623    HEAP                startup_msp432e401y_uvision.o
    0x20000870        -       0x00000200   Zero   RW          622    STACK               startup_msp432e401y_uvision.o


==============================================================================

Image component sizes


      Code (inc. data)   RO Data    RW Data    ZI Data      Debug   Object Name

      1176        262          0          8       1023       3974   2dx_studio_8c.o
       452         48          0          0          0       4180   onboardleds.o
       284         12          0          0          0       5067   pll.o
        60         22        508          0        512        976   startup_msp432e401y_uvision.o
        32         12          0          4          0        783   system_msp432e401y.o
        84          6          0          0          0       2317   systick.o
       340         78          0          0       1023       2324   uart.o
       726         38          0          0          0       7372   vl53l1_platform_2dx4.o
       506         62        115          0          0       9262   vl53l1x_api.o

    ----------------------------------------------------------------------
      3662        540        655         12       2560      36255   Object Totals
         0          0         32          0          0          0   (incl. Generated)
         2          0          0          0          2          0   (incl. Padding)

    ----------------------------------------------------------------------

      Code (inc. data)   RO Data    RW Data    ZI Data      Debug   Library Member Name

         8          0          0          0          0         68   __main.o
       104          0          0          0          0         84   __printf.o
         0          0          0          0          0          0   __rtentry.o
        12          0          0          0          0          0   __rtentry2.o
         6          0          0          0          0          0   __rtentry4.o
        52          8          0          0          0          0   __scatter.o
        26          0          0          0          0          0   __scatter_copy.o
        28          0          0          0          0          0   __scatter_zi.o
        48          6          0          0          0         96   _printf_char_common.o
         6          0          0          0          0          0   _printf_d.o
       120         16          0          0          0         92   _printf_dec.o
         6          0          0          0          0          0   _printf_f.o
      1054          0          0          0          0        216   _printf_fp_dec.o
       128         16          0          0          0         84   _printf_fp_infnan.o
        88          4         40          0          0         88   _printf_hex_int.o
       178          0          0          0          0         88   _printf_intcommon.o
         0          0          0          0          0          0   _printf_percent.o
         4          0          0          0          0          0   _printf_percent_end.o
         6          0          0          0          0          0   _printf_x.o
        10          0          0          0          0         68   _sputc.o
       228          4        148          0          0         96   bigflt0.o
      1936        128          0          0          0        672   btod.o
        18          0          0          0          0         80   exit.o
         6          0          0          0          0        152   heapauxi.o
         0          0          0          0          0          0   indicate_semi.o
        44         10         28          0          0         76   lc_numeric_c.o
         2          0          0          0          0          0   libinit.o
        22          0          0          0          0          0   libinit2.o
         2          0          0          0          0          0   libshutdown.o
         2          0          0          0          0          0   libshutdown2.o
         8          4          0          0         96         68   libspace.o
       138          0          0          0          0         80   lludiv10.o
        40          6          0          0          0         84   noretval__2sprintf.o
         8          4          0          0          0         68   rt_locale_intlibspace.o
         2          0          0          0          0          0   rtexit.o
        10          0          0          0          0          0   rtexit2.o
       128          0          0          0          0         68   strcmpv7m.o
        12          4          0          0          0         68   sys_exit.o
        74          0          0          0          0         80   sys_stackheap_outer.o
         2          0          0          0          0         68   use_no_semi.o
       688        140          0          0          0        256   ddiv.o
        94          4          0          0          0        140   dfix.o
        84          0          0          0          0        232   dflt_clz.o
       340         12          0          0          0        152   dmul.o
       156          4          0          0          0        140   dnaninf.o
        12          0          0          0          0        116   dretinf.o
        10          0          0          0          0        116   fpinit.o
         4          0          0          0          0        116   printf1.o
         0          0          0          0          0          0   usenofp.o
        48          0          0          0          0        124   fpclassify.o

    ----------------------------------------------------------------------
      6016        370        219          0        100       3936   Library Totals
        14          0          3          0          4          0   (incl. Padding)

    ----------------------------------------------------------------------

      Code (inc. data)   RO Data    RW Data    ZI Data      Debug   Library Name

      4566        210        216          0         96       2544   c_w.l
      1388        160          0          0          0       1268   fz_wm.l
        48          0          0          0          0        124   m_wm.l

    ----------------------------------------------------------------------
      6016        370        219          0        100       3936   Library Totals

    ----------------------------------------------------------------------

==============================================================================


      Code (inc. data)   RO Data    RW Data    ZI Data      Debug   

      9678        910        874         12       2660      34139   Grand Totals
      9678        910        874         12       2660      34139   ELF Image Totals
      9678        910        874         12          0          0   ROM Totals

==============================================================================

    Total RO  Size (Code + RO Data)                10552 (  10.30kB)
    Total RW  Size (RW Data + ZI Data)              2672 (   2.61kB)
    Total ROM Size (Code + RO Data + RW Data)      10564 (  10.32kB)

==============================================================================

